Component: ARM Compiler 5.06 update 7 (build 960) Tool: armlink [4d3601]

==============================================================================

Section Cross References

    startup_stm32f407xx.o(STACK) refers (Special) to heapauxi.o(.text) for __use_two_region_memory
    startup_stm32f407xx.o(HEAP) refers (Special) to heapauxi.o(.text) for __use_two_region_memory
    startup_stm32f407xx.o(RESET) refers (Special) to heapauxi.o(.text) for __use_two_region_memory
    startup_stm32f407xx.o(RESET) refers to startup_stm32f407xx.o(STACK) for __initial_sp
    startup_stm32f407xx.o(RESET) refers to startup_stm32f407xx.o(.text) for Reset_Handler
    startup_stm32f407xx.o(RESET) refers to stm32f4xx_it.o(i.NMI_Handler) for NMI_Handler
    startup_stm32f407xx.o(RESET) refers to stm32f4xx_it.o(i.HardFault_Handler) for HardFault_Handler
    startup_stm32f407xx.o(RESET) refers to stm32f4xx_it.o(i.MemManage_Handler) for MemManage_Handler
    startup_stm32f407xx.o(RESET) refers to stm32f4xx_it.o(i.BusFault_Handler) for BusFault_Handler
    startup_stm32f407xx.o(RESET) refers to stm32f4xx_it.o(i.UsageFault_Handler) for UsageFault_Handler
    startup_stm32f407xx.o(RESET) refers to port.o(.emb_text) for SVC_Handler
    startup_stm32f407xx.o(RESET) refers to stm32f4xx_it.o(i.DebugMon_Handler) for DebugMon_Handler
    startup_stm32f407xx.o(RESET) refers to port.o(i.SysTick_Handler) for SysTick_Handler
    startup_stm32f407xx.o(RESET) refers to stm32f4xx_it.o(i.TIM1_UP_TIM10_IRQHandler) for TIM1_UP_TIM10_IRQHandler
    startup_stm32f407xx.o(.text) refers (Special) to heapauxi.o(.text) for __use_two_region_memory
    startup_stm32f407xx.o(.text) refers to system_stm32f4xx.o(i.SystemInit) for SystemInit
    startup_stm32f407xx.o(.text) refers to __main.o(!!!main) for __main
    startup_stm32f407xx.o(.text) refers to startup_stm32f407xx.o(HEAP) for Heap_Mem
    startup_stm32f407xx.o(.text) refers to startup_stm32f407xx.o(STACK) for Stack_Mem
    eicu_key.o(i.CH_Read) refers to stm32f4xx_hal_gpio.o(i.HAL_GPIO_ReadPin) for HAL_GPIO_ReadPin
    eicu_key.o(i.EICU_Channel_FSM) refers to eicu_key.o(i.CH_Read) for CH_Read
    eicu_key.o(i.EICU_Channel_FSM) refers to stm32f4xx_hal.o(i.HAL_GetTick) for HAL_GetTick
    eicu_key.o(i.EICU_Channel_FSM) refers to tasks.o(i.xTaskCreate) for xTaskCreate
    eicu_key.o(i.EICU_Channel_FSM) refers to eicu_key.o(i.EICU_IsDialMode) for EICU_IsDialMode
    eicu_key.o(i.EICU_Channel_FSM) refers to eicu_key.o(i.EICU_Start_Num) for EICU_Start_Num
    eicu_key.o(i.EICU_Channel_FSM) refers to eicu_key.o(i.KEY_MT) for KEY_MT
    eicu_key.o(i.EICU_Channel_FSM) refers to stm32f4xx_hal.o(i.HAL_Delay) for HAL_Delay
    eicu_key.o(i.EICU_Channel_FSM) refers to eicu_key.o(i.task_led_blink_5s) for task_led_blink_5s
    eicu_key.o(i.EICU_Channel_FSM) refers to eicu_key.o(.data) for .data
    eicu_key.o(i.EICU_IsDialMode) refers to stm32f4xx_hal_gpio.o(i.HAL_GPIO_ReadPin) for HAL_GPIO_ReadPin
    eicu_key.o(i.EICU_Main_Loop) refers to eicu_key.o(i.EICU_Channel_FSM) for EICU_Channel_FSM
    eicu_key.o(i.EICU_Main_Loop) refers to eicu_key.o(.data) for .data
    eicu_key.o(i.EICU_Start_Num) refers to stm32f4xx_hal.o(i.HAL_Delay) for HAL_Delay
    eicu_key.o(i.EICU_Start_Num) refers to eicu_key.o(.data) for .data
    eicu_key.o(i.EICU_Test_Call_State) refers to stm32f4xx_hal_gpio.o(i.HAL_GPIO_ReadPin) for HAL_GPIO_ReadPin
    eicu_key.o(i.EICU_Test_Call_State) refers to eicu_key.o(.data) for .data
    eicu_key.o(i.KEY_0) refers to stm32f4xx_hal_gpio.o(i.HAL_GPIO_WritePin) for HAL_GPIO_WritePin
    eicu_key.o(i.KEY_1) refers to stm32f4xx_hal_gpio.o(i.HAL_GPIO_WritePin) for HAL_GPIO_WritePin
    eicu_key.o(i.KEY_2) refers to stm32f4xx_hal_gpio.o(i.HAL_GPIO_WritePin) for HAL_GPIO_WritePin
    eicu_key.o(i.KEY_3) refers to stm32f4xx_hal_gpio.o(i.HAL_GPIO_WritePin) for HAL_GPIO_WritePin
    eicu_key.o(i.KEY_4) refers to stm32f4xx_hal_gpio.o(i.HAL_GPIO_WritePin) for HAL_GPIO_WritePin
    eicu_key.o(i.KEY_5) refers to stm32f4xx_hal_gpio.o(i.HAL_GPIO_WritePin) for HAL_GPIO_WritePin
    eicu_key.o(i.KEY_6) refers to stm32f4xx_hal_gpio.o(i.HAL_GPIO_WritePin) for HAL_GPIO_WritePin
    eicu_key.o(i.KEY_7) refers to stm32f4xx_hal_gpio.o(i.HAL_GPIO_WritePin) for HAL_GPIO_WritePin
    eicu_key.o(i.KEY_8) refers to stm32f4xx_hal_gpio.o(i.HAL_GPIO_WritePin) for HAL_GPIO_WritePin
    eicu_key.o(i.KEY_9) refers to stm32f4xx_hal_gpio.o(i.HAL_GPIO_WritePin) for HAL_GPIO_WritePin
    eicu_key.o(i.KEY_MT) refers to stm32f4xx_hal_gpio.o(i.HAL_GPIO_WritePin) for HAL_GPIO_WritePin
    eicu_key.o(i.KEY_POUND) refers to stm32f4xx_hal_gpio.o(i.HAL_GPIO_WritePin) for HAL_GPIO_WritePin
    eicu_key.o(i.KEY_STAR) refers to stm32f4xx_hal_gpio.o(i.HAL_GPIO_WritePin) for HAL_GPIO_WritePin
    eicu_key.o(i.LED_1) refers to stm32f4xx_hal_gpio.o(i.HAL_GPIO_WritePin) for HAL_GPIO_WritePin
    eicu_key.o(i.LED_2) refers to stm32f4xx_hal_gpio.o(i.HAL_GPIO_WritePin) for HAL_GPIO_WritePin
[...]
    ../Core/Src/system_stm32f4xx.c           0x00000000   Number         0  system_stm32f4xx.o ABSOLUTE
    ../Drivers/STM32F4xx_HAL_Driver/Src/stm32f4xx_hal.c 0x00000000   Number         0  stm32f4xx_hal.o ABSOLUTE
    ../Drivers/STM32F4xx_HAL_Driver/Src/stm32f4xx_hal_cortex.c 0x00000000   Number         0  stm32f4xx_hal_cortex.o ABSOLUTE
    ../Drivers/STM32F4xx_HAL_Driver/Src/stm32f4xx_hal_dma.c 0x00000000   Number         0  stm32f4xx_hal_dma.o ABSOLUTE
    ../Drivers/STM32F4xx_HAL_Driver/Src/stm32f4xx_hal_dma_ex.c 0x00000000   Number         0  stm32f4xx_hal_dma_ex.o ABSOLUTE
    ../Drivers/STM32F4xx_HAL_Driver/Src/stm32f4xx_hal_exti.c 0x00000000   Number         0  stm32f4xx_hal_exti.o ABSOLUTE
    ../Drivers/STM32F4xx_HAL_Driver/Src/stm32f4xx_hal_flash.c 0x00000000   Number         0  stm32f4xx_hal_flash.o ABSOLUTE
    ../Drivers/STM32F4xx_HAL_Driver/Src/stm32f4xx_hal_flash_ex.c 0x00000000   Number         0  stm32f4xx_hal_flash_ex.o ABSOLUTE
    ../Drivers/STM32F4xx_HAL_Driver/Src/stm32f4xx_hal_flash_ramfunc.c 0x00000000   Number         0  stm32f4xx_hal_flash_ramfunc.o ABSOLUTE
    ../Drivers/STM32F4xx_HAL_Driver/Src/stm32f4xx_hal_gpio.c 0x00000000   Number         0  stm32f4xx_hal_gpio.o ABSOLUTE
    ../Drivers/STM32F4xx_HAL_Driver/Src/stm32f4xx_hal_pwr.c 0x00000000   Number         0  stm32f4xx_hal_pwr.o ABSOLUTE
    ../Drivers/STM32F4xx_HAL_Driver/Src/stm32f4xx_hal_pwr_ex.c 0x00000000   Number         0  stm32f4xx_hal_pwr_ex.o ABSOLUTE
    ../Drivers/STM32F4xx_HAL_Driver/Src/stm32f4xx_hal_rcc.c 0x00000000   Number         0  stm32f4xx_hal_rcc.o ABSOLUTE
    ../Drivers/STM32F4xx_HAL_Driver/Src/stm32f4xx_hal_rcc_ex.c 0x00000000   Number         0  stm32f4xx_hal_rcc_ex.o ABSOLUTE
    ../Drivers/STM32F4xx_HAL_Driver/Src/stm32f4xx_hal_tim.c 0x00000000   Number         0  stm32f4xx_hal_tim.o ABSOLUTE
    ../Drivers/STM32F4xx_HAL_Driver/Src/stm32f4xx_hal_tim_ex.c 0x00000000   Number         0  stm32f4xx_hal_tim_ex.o ABSOLUTE
    ../Middlewares/Third_Party/FreeRTOS/Source/CMSIS_RTOS/cmsis_os.c 0x00000000   Number         0  cmsis_os.o ABSOLUTE
    ../Middlewares/Third_Party/FreeRTOS/Source/croutine.c 0x00000000   Number         0  croutine.o ABSOLUTE
    ../Middlewares/Third_Party/FreeRTOS/Source/event_groups.c 0x00000000   Number         0  event_groups.o ABSOLUTE
    ../Middlewares/Third_Party/FreeRTOS/Source/list.c 0x00000000   Number         0  list.o ABSOLUTE
    ../Middlewares/Third_Party/FreeRTOS/Source/portable/MemMang/heap_4.c 0x00000000   Number         0  heap_4.o ABSOLUTE
    ../Middlewares/Third_Party/FreeRTOS/Source/portable/RVDS/ARM_CM4F/port.c 0x00000000   Number         0  port.o ABSOLUTE
    ../Middlewares/Third_Party/FreeRTOS/Source/queue.c 0x00000000   Number         0  queue.o ABSOLUTE
    ../Middlewares/Third_Party/FreeRTOS/Source/stream_buffer.c 0x00000000   Number         0  stream_buffer.o ABSOLUTE
    ../Middlewares/Third_Party/FreeRTOS/Source/tasks.c 0x00000000   Number         0  tasks.o ABSOLUTE
    ../Middlewares/Third_Party/FreeRTOS/Source/timers.c 0x00000000   Number         0  timers.o ABSOLUTE
    ../clib/angel/boardlib.s                 0x00000000   Number         0  boardinit2.o ABSOLUTE
    ../clib/angel/boardlib.s                 0x00000000   Number         0  boardinit1.o ABSOLUTE
    ../clib/angel/boardlib.s                 0x00000000   Number         0  boardinit3.o ABSOLUTE
    ../clib/angel/boardlib.s                 0x00000000   Number         0  boardshut.o ABSOLUTE
    ../clib/angel/dczerorl2.s                0x00000000   Number         0  __dczerorl2.o ABSOLUTE
    ../clib/angel/handlers.s                 0x00000000   Number         0  __scatter_zi.o ABSOLUTE
    ../clib/angel/kernel.s                   0x00000000   Number         0  rtexit2.o ABSOLUTE
    ../clib/angel/kernel.s                   0x00000000   Number         0  __rtentry.o ABSOLUTE
    ../clib/angel/kernel.s                   0x00000000   Number         0  rtexit.o ABSOLUTE
    ../clib/angel/kernel.s                   0x00000000   Number         0  __rtentry2.o ABSOLUTE
    ../clib/angel/kernel.s                   0x00000000   Number         0  __rtentry4.o ABSOLUTE
    ../clib/angel/rt.s                       0x00000000   Number         0  rt_div0.o ABSOLUTE
    ../clib/angel/rt.s                       0x00000000   Number         0  aeabi_ldiv0_sigfpe.o ABSOLUTE
    ../clib/angel/rt.s                       0x00000000   Number         0  aeabi_ldiv0.o ABSOLUTE
    ../clib/angel/rt.s                       0x00000000   Number         0  rt_raise.o ABSOLUTE
    ../clib/angel/scatter.s                  0x00000000   Number         0  __scatter.o ABSOLUTE
    ../clib/angel/startup.s                  0x00000000   Number         0  __main.o ABSOLUTE
    ../clib/angel/sys.s                      0x00000000   Number         0  use_no_semi.o ABSOLUTE
    ../clib/angel/sys.s                      0x00000000   Number         0  libspace.o ABSOLUTE
    ../clib/angel/sys.s                      0x00000000   Number         0  indicate_semi.o ABSOLUTE
    ../clib/angel/sys.s                      0x00000000   Number         0  sys_stackheap_outer.o ABSOLUTE
    ../clib/angel/sysapp.c                   0x00000000   Number         0  sys_command.o ABSOLUTE
    ../clib/angel/sysapp.c                   0x00000000   Number         0  sys_wrch.o ABSOLUTE
    ../clib/angel/sysapp.c                   0x00000000   Number         0  sys_exit.o ABSOLUTE
    ../clib/armsys.c                         0x00000000   Number         0  _get_argv_nomalloc.o ABSOLUTE
    ../clib/armsys.c                         0x00000000   Number         0  argv_veneer.o ABSOLUTE
    ../clib/armsys.c                         0x00000000   Number         0  argv_veneer.o ABSOLUTE
    ../clib/armsys.c                         0x00000000   Number         0  no_argv.o ABSOLUTE
    ../clib/heapalloc.c                      0x00000000   Number         0  hrguard.o ABSOLUTE
    ../clib/heapaux.c                        0x00000000   Number         0  heapauxi.o ABSOLUTE
    ../clib/libinit.s                        0x00000000   Number         0  libinit.o ABSOLUTE
    ../clib/libinit.s                        0x00000000   Number         0  libinit2.o ABSOLUTE
    ../clib/libinit.s                        0x00000000   Number         0  libshutdown2.o ABSOLUTE
    ../clib/libinit.s                        0x00000000   Number         0  libshutdown.o ABSOLUTE
    ../clib/longlong.s                       0x00000000   Number         0  lludivv7m.o ABSOLUTE
    ../clib/memcpset.s                       0x00000000   Number         0  rt_memcpy_v6.o ABSOLUTE
    ../clib/memcpset.s                       0x00000000   Number         0  memset.o ABSOLUTE
    ../clib/memcpset.s                       0x00000000   Number         0  rt_memclr.o ABSOLUTE
    ../clib/memcpset.s                       0x00000000   Number         0  rt_memclr_w.o ABSOLUTE
    ../clib/memcpset.s                       0x00000000   Number         0  rt_memcpy_w.o ABSOLUTE
    ../clib/signal.c                         0x00000000   Number         0  defsig_segv_inner.o ABSOLUTE
    ../clib/signal.c                         0x00000000   Number         0  defsig_rtmem_inner.o ABSOLUTE
    ../clib/signal.c                         0x00000000   Number         0  defsig_fpe_inner.o ABSOLUTE
    ../clib/signal.c                         0x00000000   Number         0  defsig_abrt_inner.o ABSOLUTE
    ../clib/signal.c                         0x00000000   Number         0  defsig_other.o ABSOLUTE
    ../clib/signal.c                         0x00000000   Number         0  defsig_cppl_inner.o ABSOLUTE
    ../clib/signal.c                         0x00000000   Number         0  defsig_pvfn_inner.o ABSOLUTE
    ../clib/signal.c                         0x00000000   Number         0  defsig_stak_inner.o ABSOLUTE
    ../clib/signal.c                         0x00000000   Number         0  defsig_rtmem_formal.o ABSOLUTE
    ../clib/signal.c                         0x00000000   Number         0  defsig_rtred_inner.o ABSOLUTE
    ../clib/signal.c                         0x00000000   Number         0  defsig_rtmem_outer.o ABSOLUTE
    ../clib/signal.c                         0x00000000   Number         0  defsig_general.o ABSOLUTE
    ../clib/signal.c                         0x00000000   Number         0  defsig_exit.o ABSOLUTE
    ../clib/signal.c                         0x00000000   Number         0  defsig_fpe_outer.o ABSOLUTE
    ../clib/signal.c                         0x00000000   Number         0  defsig_fpe_formal.o ABSOLUTE
    ../clib/signal.c                         0x00000000   Number         0  __raise.o ABSOLUTE
    ../clib/signal.s                         0x00000000   Number         0  defsig.o ABSOLUTE
    ../clib/stdlib.c                         0x00000000   Number         0  exit.o ABSOLUTE
    ../fplib/fpinit.s                        0x00000000   Number         0  fpinit.o ABSOLUTE
    ..\Core\Src\EICU_key.c                   0x00000000   Number         0  eicu_key.o ABSOLUTE
    ..\Core\Src\freertos.c                   0x00000000   Number         0  freertos.o ABSOLUTE
    ..\Core\Src\gpio.c                       0x00000000   Number         0  gpio.o ABSOLUTE
    ..\Core\Src\main.c                       0x00000000   Number         0  main.o ABSOLUTE
    ..\Core\Src\stm32f4xx_hal_msp.c          0x00000000   Number         0  stm32f4xx_hal_msp.o ABSOLUTE
    ..\Core\Src\stm32f4xx_hal_timebase_tim.c 0x00000000   Number         0  stm32f4xx_hal_timebase_tim.o ABSOLUTE
    ..\Core\Src\stm32f4xx_it.c               0x00000000   Number         0  stm32f4xx_it.o ABSOLUTE
    ..\Core\Src\system_stm32f4xx.c           0x00000000   Number         0  system_stm32f4xx.o ABSOLUTE
    ..\Drivers\STM32F4xx_HAL_Driver\Src\stm32f4xx_hal.c 0x00000000   Number         0  stm32f4xx_hal.o ABSOLUTE
    ..\Drivers\STM32F4xx_HAL_Driver\Src\stm32f4xx_hal_cortex.c 0x00000000   Number         0  stm32f4xx_hal_cortex.o ABSOLUTE
    ..\Drivers\STM32F4xx_HAL_Driver\Src\stm32f4xx_hal_dma.c 0x00000000   Number         0  stm32f4xx_hal_dma.o ABSOLUTE
    ..\Drivers\STM32F4xx_HAL_Driver\Src\stm32f4xx_hal_dma_ex.c 0x00000000   Number         0  stm32f4xx_hal_dma_ex.o ABSOLUTE
    ..\Drivers\STM32F4xx_HAL_Driver\Src\stm32f4xx_hal_exti.c 0x00000000   Number         0  stm32f4xx_hal_exti.o ABSOLUTE
    ..\Drivers\STM32F4xx_HAL_Driver\Src\stm32f4xx_hal_flash.c 0x00000000   Number         0  stm32f4xx_hal_flash.o ABSOLUTE
    ..\Drivers\STM32F4xx_HAL_Driver\Src\stm32f4xx_hal_flash_ex.c 0x00000000   Number         0  stm32f4xx_hal_flash_ex.o ABSOLUTE
    ..\Drivers\STM32F4xx_HAL_Driver\Src\stm32f4xx_hal_flash_ramfunc.c 0x00000000   Number         0  stm32f4xx_hal_flash_ramfunc.o ABSOLUTE
    ..\Drivers\STM32F4xx_HAL_Driver\Src\stm32f4xx_hal_gpio.c 0x00000000   Number         0  stm32f4xx_hal_gpio.o ABSOLUTE
    ..\Drivers\STM32F4xx_HAL_Driver\Src\stm32f4xx_hal_pwr.c 0x00000000   Number         0  stm32f4xx_hal_pwr.o ABSOLUTE
    ..\Drivers\STM32F4xx_HAL_Driver\Src\stm32f4xx_hal_pwr_ex.c 0x00000000   Number         0  stm32f4xx_hal_pwr_ex.o ABSOLUTE
    ..\Drivers\STM32F4xx_HAL_Driver\Src\stm32f4xx_hal_rcc.c 0x00000000   Number         0  stm32f4xx_hal_rcc.o ABSOLUTE
    ..\Drivers\STM32F4xx_HAL_Driver\Src\stm32f4xx_hal_rcc_ex.c 0x00000000   Number         0  stm32f4xx_hal_rcc_ex.o ABSOLUTE
    ..\Drivers\STM32F4xx_HAL_Driver\Src\stm32f4xx_hal_tim.c 0x00000000   Number         0  stm32f4xx_hal_tim.o ABSOLUTE
    ..\Drivers\STM32F4xx_HAL_Driver\Src\stm32f4xx_hal_tim_ex.c 0x00000000   Number         0  stm32f4xx_hal_tim_ex.o ABSOLUTE
    ..\Middlewares\Third_Party\FreeRTOS\Source\CMSIS_RTOS\cmsis_os.c 0x00000000   Number         0  cmsis_os.o ABSOLUTE
    ..\Middlewares\Third_Party\FreeRTOS\Source\portable\RVDS\ARM_CM4F\port.c 0x00000000   Number         0  port.o ABSOLUTE
    ..\\Core\\Src\\EICU_key.c                0x00000000   Number         0  eicu_key.o ABSOLUTE
    dc.s                                     0x00000000   Number         0  dc.o ABSOLUTE
    startup_stm32f407xx.s                    0x00000000   Number         0  startup_stm32f407xx.o ABSOLUTE
    RESET                                    0x08000000   Section      392  startup_stm32f407xx.o(RESET)
    !!!main                                  0x08000188   Section        8  __main.o(!!!main)
    !!!scatter                               0x08000190   Section       52  __scatter.o(!!!scatter)
    !!dczerorl2                              0x080001c4   Section       90  __dczerorl2.o(!!dczerorl2)
    !!handler_zi                             0x08000220   Section       28  __scatter_zi.o(!!handler_zi)
    .ARM.Collect$$libinit$$00000000          0x0800023c   Section        2  libinit.o(.ARM.Collect$$libinit$$00000000)
    .ARM.Collect$$libinit$$00000001          0x0800023e   Section        4  libinit2.o(.ARM.Collect$$libinit$$00000001)
    .ARM.Collect$$libinit$$00000004          0x08000242   Section        0  libinit2.o(.ARM.Collect$$libinit$$00000004)
    .ARM.Collect$$libinit$$0000000A          0x08000242   Section        0  libinit2.o(.ARM.Collect$$libinit$$0000000A)
    .ARM.Collect$$libinit$$0000000C          0x08000242   Section        0  libinit2.o(.ARM.Collect$$libinit$$0000000C)
    .ARM.Collect$$libinit$$0000000E          0x08000242   Section        0  libinit2.o(.ARM.Collect$$libinit$$0000000E)
    .ARM.Collect$$libinit$$00000011          0x08000242   Section        0  libinit2.o(.ARM.Collect$$libinit$$00000011)
    .ARM.Collect$$libinit$$00000013          0x08000242   Section        0  libinit2.o(.ARM.Collect$$libinit$$00000013)
    .ARM.Collect$$libinit$$00000015          0x08000242   Section        0  libinit2.o(.ARM.Collect$$libinit$$00000015)
    .ARM.Collect$$libinit$$00000017          0x08000242   Section        0  libinit2.o(.ARM.Collect$$libinit$$00000017)
    .ARM.Collect$$libinit$$00000019          0x08000242   Section        0  libinit2.o(.ARM.Collect$$libinit$$00000019)
    .ARM.Collect$$libinit$$0000001B          0x08000242   Section        0  libinit2.o(.ARM.Collect$$libinit$$0000001B)
    .ARM.Collect$$libinit$$0000001D          0x08000242   Section        0  libinit2.o(.ARM.Collect$$libinit$$0000001D)
    .ARM.Collect$$libinit$$0000001F          0x08000242   Section        0  libinit2.o(.ARM.Collect$$libinit$$0000001F)
    .ARM.Collect$$libinit$$00000021          0x08000242   Section        0  libinit2.o(.ARM.Collect$$libinit$$00000021)
    .ARM.Collect$$libinit$$00000023          0x08000242   Section        0  libinit2.o(.ARM.Collect$$libinit$$00000023)
    .ARM.Collect$$libinit$$00000025          0x08000242   Section        0  libinit2.o(.ARM.Collect$$libinit$$00000025)
    .ARM.Collect$$libinit$$0000002C          0x08000242   Section        0  libinit2.o(.ARM.Collect$$libinit$$0000002C)
    .ARM.Collect$$libinit$$0000002E          0x08000242   Section        0  libinit2.o(.ARM.Collect$$libinit$$0000002E)
    .ARM.Collect$$libinit$$00000030          0x08000242   Section        0  libinit2.o(.ARM.Collect$$libinit$$00000030)
    .ARM.Collect$$libinit$$00000032          0x08000242   Section        0  libinit2.o(.ARM.Collect$$libinit$$00000032)
    .ARM.Collect$$libinit$$00000033          0x08000242   Section        2  libinit2.o(.ARM.Collect$$libinit$$00000033)
    .ARM.Collect$$libshutdown$$00000000      0x08000244   Section        2  libshutdown.o(.ARM.Collect$$libshutdown$$00000000)
    .ARM.Collect$$libshutdown$$00000002      0x08000246   Section        0  libshutdown2.o(.ARM.Collect$$libshutdown$$00000002)
    .ARM.Collect$$libshutdown$$00000004      0x08000246   Section        0  libshutdown2.o(.ARM.Collect$$libshutdown$$00000004)
    .ARM.Collect$$libshutdown$$00000006      0x08000246   Section        0  libshutdown2.o(.ARM.Collect$$libshutdown$$00000006)
    .ARM.Collect$$libshutdown$$00000009      0x08000246   Section        0  libshutdown2.o(.ARM.Collect$$libshutdown$$00000009)
    .ARM.Collect$$libshutdown$$0000000C      0x08000246   Section        0  libshutdown2.o(.ARM.Collect$$libshutdown$$0000000C)
    .ARM.Collect$$libshutdown$$0000000E      0x08000246   Section        0  libshutdown2.o(.ARM.Collect$$libshutdown$$0000000E)
    .ARM.Collect$$libshutdown$$00000011      0x08000246   Section        0  libshutdown2.o(.ARM.Collect$$libshutdown$$00000011)
    .ARM.Collect$$libshutdown$$00000012      0x08000246   Section        2  libshutdown2.o(.ARM.Collect$$libshutdown$$00000012)
    .ARM.Collect$$rtentry$$00000000          0x08000248   Section        0  __rtentry.o(.ARM.Collect$$rtentry$$00000000)
    .ARM.Collect$$rtentry$$00000002          0x08000248   Section        0  __rtentry2.o(.ARM.Collect$$rtentry$$00000002)
    .ARM.Collect$$rtentry$$00000004          0x08000248   Section        6  __rtentry4.o(.ARM.Collect$$rtentry$$00000004)
    .ARM.Collect$$rtentry$$00000009          0x0800024e   Section        0  __rtentry2.o(.ARM.Collect$$rtentry$$00000009)
    .ARM.Collect$$rtentry$$0000000A          0x0800024e   Section        4  __rtentry2.o(.ARM.Collect$$rtentry$$0000000A)
    .ARM.Collect$$rtentry$$0000000C          0x08000252   Section        0  __rtentry2.o(.ARM.Collect$$rtentry$$0000000C)
    .ARM.Collect$$rtentry$$0000000D          0x08000252   Section        8  __rtentry2.o(.ARM.Collect$$rtentry$$0000000D)
    .ARM.Collect$$rtexit$$00000000           0x0800025a   Section        2  rtexit.o(.ARM.Collect$$rtexit$$00000000)
    .ARM.Collect$$rtexit$$00000002           0x0800025c   Section        0  rtexit2.o(.ARM.Collect$$rtexit$$00000002)
    .ARM.Collect$$rtexit$$00000003           0x0800025c   Section        4  rtexit2.o(.ARM.Collect$$rtexit$$00000003)
    .ARM.Collect$$rtexit$$00000004           0x08000260   Section        6  rtexit2.o(.ARM.Collect$$rtexit$$00000004)
    .emb_text                                0x08000268   Section      190  port.o(.emb_text)
    $v0                                      0x08000268   Number         0  port.o(.emb_text)
    .text                                    0x08000328   Section       64  startup_stm32f407xx.o(.text)
    $v0                                      0x08000328   Number         0  startup_stm32f407xx.o(.text)
    .text                                    0x08000368   Section      238  lludivv7m.o(.text)
    .text                                    0x08000456   Section       78  rt_memclr_w.o(.text)
    .text                                    0x080004a4   Section        0  heapauxi.o(.text)
    .text                                    0x080004aa   Section       74  sys_stackheap_outer.o(.text)
    .text                                    0x080004f4   Section        0  exit.o(.text)
    .text                                    0x08000508   Section        8  libspace.o(.text)
    .text                                    0x08000510   Section        0  sys_exit.o(.text)
    .text                                    0x0800051c   Section        2  use_no_semi.o(.text)
    .text                                    0x0800051e   Section        0  indicate_semi.o(.text)
    i.BusFault_Handler                       0x0800051e   Section        0  stm32f4xx_it.o(i.BusFault_Handler)
    i.CH_Read                                0x08000520   Section        0  eicu_key.o(i.CH_Read)
    CH_Read                                  0x08000521   Thumb Code    18  eicu_key.o(i.CH_Read)
    i.DebugMon_Handler                       0x08000532   Section        0  stm32f4xx_it.o(i.DebugMon_Handler)
    i.EICU_Channel_FSM                       0x08000534   Section        0  eicu_key.o(i.EICU_Channel_FSM)
    EICU_Channel_FSM                         0x08000535   Thumb Code   250  eicu_key.o(i.EICU_Channel_FSM)
    i.EICU_IsDialMode                        0x08000644   Section        0  eicu_key.o(i.EICU_IsDialMode)
    EICU_IsDialMode                          0x08000645   Thumb Code    20  eicu_key.o(i.EICU_IsDialMode)
    i.EICU_Main_Loop                         0x0800065c   Section        0  eicu_key.o(i.EICU_Main_Loop)
    i.EICU_Start_Num                         0x0800067c   Section        0  eicu_key.o(i.EICU_Start_Num)
    i.HAL_Delay                              0x080006f4   Section        0  stm32f4xx_hal.o(i.HAL_Delay)
    i.HAL_GPIO_Init                          0x08000718   Section        0  stm32f4xx_hal_gpio.o(i.HAL_GPIO_Init)
    i.HAL_GPIO_ReadPin                       0x08000908   Section        0  stm32f4xx_hal_gpio.o(i.HAL_GPIO_ReadPin)
    i.HAL_GPIO_TogglePin                     0x08000912   Section        0  stm32f4xx_hal_gpio.o(i.HAL_GPIO_TogglePin)
    i.HAL_GPIO_WritePin                      0x08000922   Section        0  stm32f4xx_hal_gpio.o(i.HAL_GPIO_WritePin)
    i.HAL_GetTick                            0x0800092c   Section        0  stm32f4xx_hal.o(i.HAL_GetTick)
    i.HAL_IncTick                            0x08000938   Section        0  stm32f4xx_hal.o(i.HAL_IncTick)
    i.HAL_Init                               0x08000948   Section        0  stm32f4xx_hal.o(i.HAL_Init)
    i.HAL_InitTick                           0x0800097c   Section        0  stm32f4xx_hal_timebase_tim.o(i.HAL_InitTick)
    i.HAL_MspInit                            0x08000a08   Section        0  stm32f4xx_hal_msp.o(i.HAL_MspInit)
    i.HAL_NVIC_EnableIRQ                     0x08000a40   Section        0  stm32f4xx_hal_cortex.o(i.HAL_NVIC_EnableIRQ)
    i.HAL_NVIC_SetPriority                   0x08000a5c   Section        0  stm32f4xx_hal_cortex.o(i.HAL_NVIC_SetPriority)
    i.HAL_NVIC_SetPriorityGrouping           0x08000a9c   Section        0  stm32f4xx_hal_cortex.o(i.HAL_NVIC_SetPriorityGrouping)
    i.HAL_RCC_ClockConfig                    0x08000ac0   Section        0  stm32f4xx_hal_rcc.o(i.HAL_RCC_ClockConfig)
    i.HAL_RCC_GetClockConfig                 0x08000bf4   Section        0  stm32f4xx_hal_rcc.o(i.HAL_RCC_GetClockConfig)
    i.HAL_RCC_GetPCLK2Freq                   0x08000c34   Section        0  stm32f4xx_hal_rcc.o(i.HAL_RCC_GetPCLK2Freq)
    i.HAL_RCC_GetSysClockFreq                0x08000c54   Section        0  stm32f4xx_hal_rcc.o(i.HAL_RCC_GetSysClockFreq)
    i.HAL_RCC_OscConfig                      0x08000cb8   Section        0  stm32f4xx_hal_rcc.o(i.HAL_RCC_OscConfig)
    i.HAL_TIMEx_BreakCallback                0x08001024   Section        0  stm32f4xx_hal_tim_ex.o(i.HAL_TIMEx_BreakCallback)
    i.HAL_TIMEx_CommutCallback               0x08001026   Section        0  stm32f4xx_hal_tim_ex.o(i.HAL_TIMEx_CommutCallback)
    i.HAL_TIM_Base_Init                      0x08001028   Section        0  stm32f4xx_hal_tim.o(i.HAL_TIM_Base_Init)
    i.HAL_TIM_Base_MspInit                   0x08001082   Section        0  stm32f4xx_hal_tim.o(i.HAL_TIM_Base_MspInit)
    i.HAL_TIM_Base_Start_IT                  0x08001084   Section        0  stm32f4xx_hal_tim.o(i.HAL_TIM_Base_Start_IT)
    i.HAL_TIM_IC_CaptureCallback             0x08001104   Section        0  stm32f4xx_hal_tim.o(i.HAL_TIM_IC_CaptureCallback)
    i.HAL_TIM_IRQHandler                     0x08001106   Section        0  stm32f4xx_hal_tim.o(i.HAL_TIM_IRQHandler)
    i.HAL_TIM_OC_DelayElapsedCallback        0x08001236   Section        0  stm32f4xx_hal_tim.o(i.HAL_TIM_OC_DelayElapsedCallback)
    i.HAL_TIM_PWM_PulseFinishedCallback      0x08001238   Section        0  stm32f4xx_hal_tim.o(i.HAL_TIM_PWM_PulseFinishedCallback)
    i.HAL_TIM_PeriodElapsedCallback          0x0800123c   Section        0  main.o(i.HAL_TIM_PeriodElapsedCallback)
    i.HAL_TIM_TriggerCallback                0x08001250   Section        0  stm32f4xx_hal_tim.o(i.HAL_TIM_TriggerCallback)
    i.HardFault_Handler                      0x08001252   Section        0  stm32f4xx_it.o(i.HardFault_Handler)
    i.KEY_0                                  0x08001254   Section        0  eicu_key.o(i.KEY_0)
    i.KEY_1                                  0x0800126c   Section        0  eicu_key.o(i.KEY_1)
    i.KEY_2                                  0x08001280   Section        0  eicu_key.o(i.KEY_2)
    i.KEY_3                                  0x08001294   Section        0  eicu_key.o(i.KEY_3)
    i.KEY_4                                  0x080012a8   Section        0  eicu_key.o(i.KEY_4)
    i.KEY_5                                  0x080012bc   Section        0  eicu_key.o(i.KEY_5)
    i.KEY_6                                  0x080012d0   Section        0  eicu_key.o(i.KEY_6)
    i.KEY_7                                  0x080012e4   Section        0  eicu_key.o(i.KEY_7)
    i.KEY_8                                  0x080012f8   Section        0  eicu_key.o(i.KEY_8)
    i.KEY_9                                  0x0800130c   Section        0  eicu_key.o(i.KEY_9)
    i.KEY_MT                                 0x08001324   Section        0  eicu_key.o(i.KEY_MT)
    i.KEY_POUND                              0x08001338   Section        0  eicu_key.o(i.KEY_POUND)
    i.KEY_STAR                               0x08001350   Section        0  eicu_key.o(i.KEY_STAR)
    i.LED_1                                  0x08001368   Section        0  eicu_key.o(i.LED_1)
    i.LED_2                                  0x08001380   Section        0  eicu_key.o(i.LED_2)
    i.LED_3                                  0x08001394   Section        0  eicu_key.o(i.LED_3)
    i.LED_4                                  0x080013ac   Section        0  eicu_key.o(i.LED_4)
    i.MX_FREERTOS_Init                       0x080013c0   Section        0  freertos.o(i.MX_FREERTOS_Init)
    i.MX_GPIO_Init                           0x080013ec   Section        0  gpio.o(i.MX_GPIO_Init)
    i.MemManage_Handler                      0x08001558   Section        0  stm32f4xx_it.o(i.MemManage_Handler)
    i.NMI_Handler                            0x0800155a   Section        0  stm32f4xx_it.o(i.NMI_Handler)
    i.SysTick_Handler                        0x0800155c   Section        0  port.o(i.SysTick_Handler)
    i.SystemClock_Config                     0x08001588   Section        0  main.o(i.SystemClock_Config)
    i.SystemInit                             0x0800161c   Section        0  system_stm32f4xx.o(i.SystemInit)
    i.TIM1_UP_TIM10_IRQHandler               0x0800162c   Section        0  stm32f4xx_it.o(i.TIM1_UP_TIM10_IRQHandler)
    i.TIM_Base_SetConfig                     0x08001638   Section        0  stm32f4xx_hal_tim.o(i.TIM_Base_SetConfig)
    i.UsageFault_Handler                     0x08001708   Section        0  stm32f4xx_it.o(i.UsageFault_Handler)
    i.__NVIC_SetPriority                     0x0800170a   Section        0  stm32f4xx_hal_cortex.o(i.__NVIC_SetPriority)
    __NVIC_SetPriority                       0x0800170b   Thumb Code    32  stm32f4xx_hal_cortex.o(i.__NVIC_SetPriority)
    i.main                                   0x0800172a   Section        0  main.o(i.main)
    i.osKernelStart                          0x08001740   Section        0  cmsis_os.o(i.osKernelStart)
    i.prvAddCurrentTaskToDelayedList         0x0800174c   Section        0  tasks.o(i.prvAddCurrentTaskToDelayedList)
    prvAddCurrentTaskToDelayedList           0x0800174d   Thumb Code   102  tasks.o(i.prvAddCurrentTaskToDelayedList)
    i.prvAddNewTaskToReadyList               0x080017bc   Section        0  tasks.o(i.prvAddNewTaskToReadyList)
    prvAddNewTaskToReadyList                 0x080017bd   Thumb Code   194  tasks.o(i.prvAddNewTaskToReadyList)
    i.prvDeleteTCB                           0x0800188c   Section        0  tasks.o(i.prvDeleteTCB)
    prvDeleteTCB                             0x0800188d   Thumb Code    52  tasks.o(i.prvDeleteTCB)
    i.prvHeapInit                            0x080018c0   Section        0  heap_4.o(i.prvHeapInit)
    prvHeapInit                              0x080018c1   Thumb Code    66  heap_4.o(i.prvHeapInit)
    i.prvIdleTask                            0x0800190c   Section        0  tasks.o(i.prvIdleTask)
    prvIdleTask                              0x0800190d   Thumb Code    82  tasks.o(i.prvIdleTask)
    i.prvInitialiseNewTask                   0x0800196c   Section        0  tasks.o(i.prvInitialiseNewTask)
    prvInitialiseNewTask                     0x0800196d   Thumb Code   152  tasks.o(i.prvInitialiseNewTask)
    i.prvInsertBlockIntoFreeList             0x08001a04   Section        0  heap_4.o(i.prvInsertBlockIntoFreeList)
    prvInsertBlockIntoFreeList               0x08001a05   Thumb Code    72  heap_4.o(i.prvInsertBlockIntoFreeList)
    i.prvResetNextTaskUnblockTime            0x08001a50   Section        0  tasks.o(i.prvResetNextTaskUnblockTime)
    prvResetNextTaskUnblockTime              0x08001a51   Thumb Code    26  tasks.o(i.prvResetNextTaskUnblockTime)
    i.prvTaskExitError                       0x08001a70   Section        0  port.o(i.prvTaskExitError)
    prvTaskExitError                         0x08001a71   Thumb Code    36  port.o(i.prvTaskExitError)
    i.pvPortMalloc                           0x08001a98   Section        0  heap_4.o(i.pvPortMalloc)
    i.pxPortInitialiseStack                  0x08001b74   Section        0  port.o(i.pxPortInitialiseStack)
    i.start_task                             0x08001ba0   Section        0  freertos.o(i.start_task)
    i.task1                                  0x08001c00   Section        0  freertos.o(i.task1)
    i.task2                                  0x08001c10   Section        0  freertos.o(i.task2)
    i.task_led_blink_5s                      0x08001c2c   Section        0  eicu_key.o(i.task_led_blink_5s)
    i.uxListRemove                           0x08001c74   Section        0  list.o(i.uxListRemove)
    i.vApplicationGetIdleTaskMemory          0x08001c9c   Section        0  freertos.o(i.vApplicationGetIdleTaskMemory)
    i.vListInitialise                        0x08001cb0   Section        0  list.o(i.vListInitialise)
    i.vListInitialiseItem                    0x08001cc6   Section        0  list.o(i.vListInitialiseItem)
    i.vListInsert                            0x08001ccc   Section        0  list.o(i.vListInsert)
    i.vListInsertEnd                         0x08001cfc   Section        0  list.o(i.vListInsertEnd)
    i.vPortEnterCritical                     0x08001d14   Section        0  port.o(i.vPortEnterCritical)
    i.vPortExitCritical                      0x08001d54   Section        0  port.o(i.vPortExitCritical)
    i.vPortFree                              0x08001d7c   Section        0  heap_4.o(i.vPortFree)
    i.vPortSetupTimerInterrupt               0x08001de0   Section        0  port.o(i.vPortSetupTimerInterrupt)
    i.vTaskDelay                             0x08001e04   Section        0  tasks.o(i.vTaskDelay)
    i.vTaskDelete                            0x08001e50   Section        0  tasks.o(i.vTaskDelete)
    i.vTaskStartScheduler                    0x08001efc   Section        0  tasks.o(i.vTaskStartScheduler)
    i.vTaskSuspendAll                        0x08001f68   Section        0  tasks.o(i.vTaskSuspendAll)
    i.vTaskSwitchContext                     0x08001f78   Section        0  tasks.o(i.vTaskSwitchContext)
    i.xPortStartScheduler                    0x08001fd4   Section        0  port.o(i.xPortStartScheduler)
    i.xTaskCreate                            0x080020c8   Section        0  tasks.o(i.xTaskCreate)
    i.xTaskCreateStatic                      0x08002122   Section        0  tasks.o(i.xTaskCreateStatic)
    i.xTaskGetTickCount                      0x08002178   Section        0  tasks.o(i.xTaskGetTickCount)
    i.xTaskIncrementTick                     0x08002184   Section        0  tasks.o(i.xTaskIncrementTick)
    i.xTaskResumeAll                         0x08002250   Section        0  tasks.o(i.xTaskResumeAll)
    x$fpl$fpinit                             0x08002314   Section       10  fpinit.o(x$fpl$fpinit)
    $v0                                      0x08002314   Number         0  fpinit.o(x$fpl$fpinit)
    .constdata                               0x0800231e   Section       16  system_stm32f4xx.o(.constdata)
    .constdata                               0x0800232e   Section        8  system_stm32f4xx.o(.constdata)
    .data                                    0x20000000   Section      208  eicu_key.o(.data)
    EICU_Channels                            0x20000008   Data          96  eicu_key.o(.data)
    .data                                    0x200000d0   Section       12  freertos.o(.data)
    .data                                    0x200000dc   Section       12  stm32f4xx_hal.o(.data)
    .data                                    0x200000e8   Section        4  system_stm32f4xx.o(.data)
    .data                                    0x200000ec   Section       60  tasks.o(.data)
    uxDeletedTasksWaitingCleanUp             0x200000f0   Data           4  tasks.o(.data)
    uxCurrentNumberOfTasks                   0x200000f4   Data           4  tasks.o(.data)
    xTickCount                               0x200000f8   Data           4  tasks.o(.data)
    uxTopReadyPriority                       0x200000fc   Data           4  tasks.o(.data)
    xSchedulerRunning                        0x20000100   Data           4  tasks.o(.data)
    xPendedTicks                             0x20000104   Data           4  tasks.o(.data)
    xYieldPending                            0x20000108   Data           4  tasks.o(.data)
    xNumOfOverflows                          0x2000010c   Data           4  tasks.o(.data)
    uxTaskNumber                             0x20000110   Data           4  tasks.o(.data)
    xNextTaskUnblockTime                     0x20000114   Data           4  tasks.o(.data)
    xIdleTaskHandle                          0x20000118   Data           4  tasks.o(.data)
    uxSchedulerSuspended                     0x2000011c   Data           4  tasks.o(.data)
    pxDelayedTaskList                        0x20000120   Data           4  tasks.o(.data)
    pxOverflowDelayedTaskList                0x20000124   Data           4  tasks.o(.data)
    .data                                    0x20000128   Section       32  heap_4.o(.data)
    pxEnd                                    0x20000128   Data           4  heap_4.o(.data)
    xFreeBytesRemaining                      0x2000012c   Data           4  heap_4.o(.data)
    xMinimumEverFreeBytesRemaining           0x20000130   Data           4  heap_4.o(.data)
    xNumberOfSuccessfulAllocations           0x20000134   Data           4  heap_4.o(.data)
    xNumberOfSuccessfulFrees                 0x20000138   Data           4  heap_4.o(.data)
    xBlockAllocatedBit                       0x2000013c   Data           4  heap_4.o(.data)
    xStart                                   0x20000140   Data           8  heap_4.o(.data)
    .data                                    0x20000148   Section       12  port.o(.data)
    ucMaxSysCallPriority                     0x20000148   Data           1  port.o(.data)
    uxCriticalNesting                        0x2000014c   Data           4  port.o(.data)
    ulMaxPRIGROUPValue                       0x20000150   Data           4  port.o(.data)
    .bss                                     0x20000154   Section      596  freertos.o(.bss)
    xIdleTaskTCBBuffer                       0x20000154   Data          84  freertos.o(.bss)
    xIdleStack                               0x200001a8   Data         512  freertos.o(.bss)
    .bss                                     0x200003a8   Section       72  stm32f4xx_hal_timebase_tim.o(.bss)
    .bss                                     0x200003f0   Section      240  tasks.o(.bss)
    pxReadyTasksLists                        0x200003f0   Data         140  tasks.o(.bss)
    xDelayedTaskList1                        0x2000047c   Data          20  tasks.o(.bss)
    xDelayedTaskList2                        0x20000490   Data          20  tasks.o(.bss)
    xPendingReadyList                        0x200004a4   Data          20  tasks.o(.bss)
    xTasksWaitingTermination                 0x200004b8   Data          20  tasks.o(.bss)
    xSuspendedTaskList                       0x200004cc   Data          20  tasks.o(.bss)
    .bss                                     0x200004e0   Section    15360  heap_4.o(.bss)
    ucHeap                                   0x200004e0   Data       15360  heap_4.o(.bss)
    .bss                                     0x200040e0   Section       96  libspace.o(.bss)
    HEAP                                     0x20004140   Section      512  startup_stm32f407xx.o(HEAP)
    Heap_Mem                                 0x20004140   Data         512  startup_stm32f407xx.o(HEAP)
    STACK                                    0x20004340   Section     1024  startup_stm32f407xx.o(STACK)
    Stack_Mem                                0x20004340   Data        1024  startup_stm32f407xx.o(STACK)
    __initial_sp                             0x20004740   Data           0  startup_stm32f407xx.o(STACK)

    Global Symbols

    Symbol Name                              Value     Ov Type        Size  Object(Section)

    BuildAttributes$$THM_ISAv4$E$P$D$K$B$S$7EM$VFPi3$EXTD16$VFPS$VFMA$PE$A:L22UL41UL21$X:L11$S22US41US21$IEEE1$IW$USESV6$~STKCKD$USESV7$~SHL$OSPACE$ROPI$EBA8$UX$STANDARDLIB$REQ8$PRES8$EABIv2 0x00000000   Number         0  anon$$obj.o ABSOLUTE
    __ARM_use_no_argv                        0x00000000   Number         0  main.o ABSOLUTE
    __ARM_exceptions_init                     - Undefined Weak Reference
    __alloca_initialize                       - Undefined Weak Reference
    __arm_fini_                               - Undefined Weak Reference
    __arm_preinit_                            - Undefined Weak Reference
    __cpp_initialize__aeabi_                  - Undefined Weak Reference
    __cxa_finalize                            - Undefined Weak Reference
    __rt_locale                               - Undefined Weak Reference
    __sigvec_lookup                           - Undefined Weak Reference
    _atexit_init                              - Undefined Weak Reference
    _call_atexit_fns                          - Undefined Weak Reference
    _clock_init                               - Undefined Weak Reference
    _fp_trap_init                             - Undefined Weak Reference
    _fp_trap_shutdown                         - Undefined Weak Reference
    _get_lc_collate                           - Undefined Weak Reference
    _get_lc_ctype                             - Undefined Weak Reference
    _get_lc_monetary                          - Undefined Weak Reference
    _get_lc_numeric                           - Undefined Weak Reference
    _get_lc_time                              - Undefined Weak Reference
    _getenv_init                              - Undefined Weak Reference
    _handle_redirection                       - Undefined Weak Reference
    _init_alloc                               - Undefined Weak Reference
    _init_user_alloc                          - Undefined Weak Reference
    _initio                                   - Undefined Weak Reference
    _rand_init                                - Undefined Weak Reference
    _signal_finish                            - Undefined Weak Reference
    _signal_init                              - Undefined Weak Reference
    _terminate_alloc                          - Undefined Weak Reference
    _terminate_user_alloc                     - Undefined Weak Reference
    _terminateio                              - Undefined Weak Reference
    __Vectors_Size                           0x00000188   Number         0  startup_stm32f407xx.o ABSOLUTE
    __Vectors                                0x08000000   Data           4  startup_stm32f407xx.o(RESET)
    __Vectors_End                            0x08000188   Data           0  startup_stm32f407xx.o(RESET)
    __main                                   0x08000189   Thumb Code     8  __main.o(!!!main)
    __scatterload                            0x08000191   Thumb Code     0  __scatter.o(!!!scatter)
    __scatterload_rt2                        0x08000191   Thumb Code    44  __scatter.o(!!!scatter)
    __scatterload_rt2_thumb_only             0x08000191   Thumb Code     0  __scatter.o(!!!scatter)
    __scatterload_null                       0x0800019f   Thumb Code     0  __scatter.o(!!!scatter)
    __decompress                             0x080001c5   Thumb Code    90  __dczerorl2.o(!!dczerorl2)
    __decompress1                            0x080001c5   Thumb Code     0  __dczerorl2.o(!!dczerorl2)
    __scatterload_zeroinit                   0x08000221   Thumb Code    28  __scatter_zi.o(!!handler_zi)
    __rt_lib_init                            0x0800023d   Thumb Code     0  libinit.o(.ARM.Collect$$libinit$$00000000)
    __rt_lib_init_fp_1                       0x0800023f   Thumb Code     0  libinit2.o(.ARM.Collect$$libinit$$00000001)
    __rt_lib_init_alloca_1                   0x08000243   Thumb Code     0  libinit2.o(.ARM.Collect$$libinit$$0000002E)
    __rt_lib_init_argv_1                     0x08000243   Thumb Code     0  libinit2.o(.ARM.Collect$$libinit$$0000002C)
    __rt_lib_init_atexit_1                   0x08000243   Thumb Code     0  libinit2.o(.ARM.Collect$$libinit$$0000001B)
    __rt_lib_init_clock_1                    0x08000243   Thumb Code     0  libinit2.o(.ARM.Collect$$libinit$$00000021)
    __rt_lib_init_cpp_1                      0x08000243   Thumb Code     0  libinit2.o(.ARM.Collect$$libinit$$00000032)
    __rt_lib_init_exceptions_1               0x08000243   Thumb Code     0  libinit2.o(.ARM.Collect$$libinit$$00000030)
    __rt_lib_init_fp_trap_1                  0x08000243   Thumb Code     0  libinit2.o(.ARM.Collect$$libinit$$0000001F)
    __rt_lib_init_getenv_1                   0x08000243   Thumb Code     0  libinit2.o(.ARM.Collect$$libinit$$00000023)
    __rt_lib_init_heap_1                     0x08000243   Thumb Code     0  libinit2.o(.ARM.Collect$$libinit$$0000000A)
    __rt_lib_init_lc_collate_1               0x08000243   Thumb Code     0  libinit2.o(.ARM.Collect$$libinit$$00000011)
    __rt_lib_init_lc_ctype_1                 0x08000243   Thumb Code     0  libinit2.o(.ARM.Collect$$libinit$$00000013)
    __rt_lib_init_lc_monetary_1              0x08000243   Thumb Code     0  libinit2.o(.ARM.Collect$$libinit$$00000015)
    __rt_lib_init_lc_numeric_1               0x08000243   Thumb Code     0  libinit2.o(.ARM.Collect$$libinit$$00000017)
    __rt_lib_init_lc_time_1                  0x08000243   Thumb Code     0  libinit2.o(.ARM.Collect$$libinit$$00000019)
    __rt_lib_init_preinit_1                  0x08000243   Thumb Code     0  libinit2.o(.ARM.Collect$$libinit$$00000004)
    __rt_lib_init_rand_1                     0x08000243   Thumb Code     0  libinit2.o(.ARM.Collect$$libinit$$0000000E)
    __rt_lib_init_return                     0x08000243   Thumb Code     0  libinit2.o(.ARM.Collect$$libinit$$00000033)
    __rt_lib_init_signal_1                   0x08000243   Thumb Code     0  libinit2.o(.ARM.Collect$$libinit$$0000001D)
    __rt_lib_init_stdio_1                    0x08000243   Thumb Code     0  libinit2.o(.ARM.Collect$$libinit$$00000025)
    __rt_lib_init_user_alloc_1               0x08000243   Thumb Code     0  libinit2.o(.ARM.Collect$$libinit$$0000000C)
    __rt_lib_shutdown                        0x08000245   Thumb Code     0  libshutdown.o(.ARM.Collect$$libshutdown$$00000000)
    __rt_lib_shutdown_cpp_1                  0x08000247   Thumb Code     0  libshutdown2.o(.ARM.Collect$$libshutdown$$00000004)
    __rt_lib_shutdown_fini_1                 0x08000247   Thumb Code     0  libshutdown2.o(.ARM.Collect$$libshutdown$$00000002)
    __rt_lib_shutdown_fp_trap_1              0x08000247   Thumb Code     0  libshutdown2.o(.ARM.Collect$$libshutdown$$00000009)
    __rt_lib_shutdown_heap_1                 0x08000247   Thumb Code     0  libshutdown2.o(.ARM.Collect$$libshutdown$$00000011)
    __rt_lib_shutdown_return                 0x08000247   Thumb Code     0  libshutdown2.o(.ARM.Collect$$libshutdown$$00000012)
    __rt_lib_shutdown_signal_1               0x08000247   Thumb Code     0  libshutdown2.o(.ARM.Collect$$libshutdown$$0000000C)
    __rt_lib_shutdown_stdio_1                0x08000247   Thumb Code     0  libshutdown2.o(.ARM.Collect$$libshutdown$$00000006)
    __rt_lib_shutdown_user_alloc_1           0x08000247   Thumb Code     0  libshutdown2.o(.ARM.Collect$$libshutdown$$0000000E)
    __rt_entry                               0x08000249   Thumb Code     0  __rtentry.o(.ARM.Collect$$rtentry$$00000000)
    __rt_entry_presh_1                       0x08000249   Thumb Code     0  __rtentry2.o(.ARM.Collect$$rtentry$$00000002)
    __rt_entry_sh                            0x08000249   Thumb Code     0  __rtentry4.o(.ARM.Collect$$rtentry$$00000004)
    __rt_entry_li                            0x0800024f   Thumb Code     0  __rtentry2.o(.ARM.Collect$$rtentry$$0000000A)
    __rt_entry_postsh_1                      0x0800024f   Thumb Code     0  __rtentry2.o(.ARM.Collect$$rtentry$$00000009)
    __rt_entry_main                          0x08000253   Thumb Code     0  __rtentry2.o(.ARM.Collect$$rtentry$$0000000D)
    __rt_entry_postli_1                      0x08000253   Thumb Code     0  __rtentry2.o(.ARM.Collect$$rtentry$$0000000C)
    __rt_exit                                0x0800025b   Thumb Code     0  rtexit.o(.ARM.Collect$$rtexit$$00000000)
    __rt_exit_ls                             0x0800025d   Thumb Code     0  rtexit2.o(.ARM.Collect$$rtexit$$00000003)
    __rt_exit_prels_1                        0x0800025d   Thumb Code     0  rtexit2.o(.ARM.Collect$$rtexit$$00000002)
    __rt_exit_exit                           0x08000261   Thumb Code     0  rtexit2.o(.ARM.Collect$$rtexit$$00000004)
    SVC_Handler                              0x08000269   Thumb Code    28  port.o(.emb_text)
    __asm___6_port_c_39a90d8d__prvStartFirstTask 0x08000289   Thumb Code    36  port.o(.emb_text)
    __asm___6_port_c_39a90d8d__prvEnableVFP  0x080002b1   Thumb Code    16  port.o(.emb_text)
    PendSV_Handler                           0x080002c5   Thumb Code    88  port.o(.emb_text)
    vPortGetIPSR                             0x08000321   Thumb Code     6  port.o(.emb_text)
    Reset_Handler                            0x08000329   Thumb Code     8  startup_stm32f407xx.o(.text)
    ADC_IRQHandler                           0x08000343   Thumb Code     0  startup_stm32f407xx.o(.text)
    CAN1_RX0_IRQHandler                      0x08000343   Thumb Code     0  startup_stm32f407xx.o(.text)
    CAN1_RX1_IRQHandler                      0x08000343   Thumb Code     0  startup_stm32f407xx.o(.text)
    CAN1_SCE_IRQHandler                      0x08000343   Thumb Code     0  startup_stm32f407xx.o(.text)
    CAN1_TX_IRQHandler                       0x08000343   Thumb Code     0  startup_stm32f407xx.o(.text)
    CAN2_RX0_IRQHandler                      0x08000343   Thumb Code     0  startup_stm32f407xx.o(.text)
    CAN2_RX1_IRQHandler                      0x08000343   Thumb Code     0  startup_stm32f407xx.o(.text)
    CAN2_SCE_IRQHandler                      0x08000343   Thumb Code     0  startup_stm32f407xx.o(.text)
    CAN2_TX_IRQHandler                       0x08000343   Thumb Code     0  startup_stm32f407xx.o(.text)
    DCMI_IRQHandler                          0x08000343   Thumb Code     0  startup_stm32f407xx.o(.text)
    DMA1_Stream0_IRQHandler                  0x08000343   Thumb Code     0  startup_stm32f407xx.o(.text)
    DMA1_Stream1_IRQHandler                  0x08000343   Thumb Code     0  startup_stm32f407xx.o(.text)
    DMA1_Stream2_IRQHandler                  0x08000343   Thumb Code     0  startup_stm32f407xx.o(.text)
    DMA1_Stream3_IRQHandler                  0x08000343   Thumb Code     0  startup_stm32f407xx.o(.text)
    DMA1_Stream4_IRQHandler                  0x08000343   Thumb Code     0  startup_stm32f407xx.o(.text)
    DMA1_Stream5_IRQHandler                  0x08000343   Thumb Code     0  startup_stm32f407xx.o(.text)
    DMA1_Stream6_IRQHandler                  0x08000343   Thumb Code     0  startup_stm32f407xx.o(.text)
    DMA1_Stream7_IRQHandler                  0x08000343   Thumb Code     0  startup_stm32f407xx.o(.text)
    DMA2_Stream0_IRQHandler                  0x08000343   Thumb Code     0  startup_stm32f407xx.o(.text)
    DMA2_Stream1_IRQHandler                  0x08000343   Thumb Code     0  startup_stm32f407xx.o(.text)
    DMA2_Stream2_IRQHandler                  0x08000343   Thumb Code     0  startup_stm32f407xx.o(.text)
    DMA2_Stream3_IRQHandler                  0x08000343   Thumb Code     0  startup_stm32f407xx.o(.text)
    DMA2_Stream4_IRQHandler                  0x08000343   Thumb Code     0  startup_stm32f407xx.o(.text)
    DMA2_Stream5_IRQHandler                  0x08000343   Thumb Code     0  startup_stm32f407xx.o(.text)
    DMA2_Stream6_IRQHandler                  0x08000343   Thumb Code     0  startup_stm32f407xx.o(.text)
    DMA2_Stream7_IRQHandler                  0x08000343   Thumb Code     0  startup_stm32f407xx.o(.text)
    ETH_IRQHandler                           0x08000343   Thumb Code     0  startup_stm32f407xx.o(.text)
    ETH_WKUP_IRQHandler                      0x08000343   Thumb Code     0  startup_stm32f407xx.o(.text)
    EXTI0_IRQHandler                         0x08000343   Thumb Code     0  startup_stm32f407xx.o(.text)
    EXTI15_10_IRQHandler                     0x08000343   Thumb Code     0  startup_stm32f407xx.o(.text)
    EXTI1_IRQHandler                         0x08000343   Thumb Code     0  startup_stm32f407xx.o(.text)
    EXTI2_IRQHandler                         0x08000343   Thumb Code     0  startup_stm32f407xx.o(.text)
    EXTI3_IRQHandler                         0x08000343   Thumb Code     0  startup_stm32f407xx.o(.text)
    EXTI4_IRQHandler                         0x08000343   Thumb Code     0  startup_stm32f407xx.o(.text)
    EXTI9_5_IRQHandler                       0x08000343   Thumb Code     0  startup_stm32f407xx.o(.text)
    FLASH_IRQHandler                         0x08000343   Thumb Code     0  startup_stm32f407xx.o(.text)
    FMC_IRQHandler                           0x08000343   Thumb Code     0  startup_stm32f407xx.o(.text)
    FPU_IRQHandler                           0x08000343   Thumb Code     0  startup_stm32f407xx.o(.text)
    HASH_RNG_IRQHandler                      0x08000343   Thumb Code     0  startup_stm32f407xx.o(.text)
    I2C1_ER_IRQHandler                       0x08000343   Thumb Code     0  startup_stm32f407xx.o(.text)
    I2C1_EV_IRQHandler                       0x08000343   Thumb Code     0  startup_stm32f407xx.o(.text)
    I2C2_ER_IRQHandler                       0x08000343   Thumb Code     0  startup_stm32f407xx.o(.text)
    I2C2_EV_IRQHandler                       0x08000343   Thumb Code     0  startup_stm32f407xx.o(.text)
    I2C3_ER_IRQHandler                       0x08000343   Thumb Code     0  startup_stm32f407xx.o(.text)
    I2C3_EV_IRQHandler                       0x08000343   Thumb Code     0  startup_stm32f407xx.o(.text)
    OTG_FS_IRQHandler                        0x08000343   Thumb Code     0  startup_stm32f407xx.o(.text)
    OTG_FS_WKUP_IRQHandler                   0x08000343   Thumb Code     0  startup_stm32f407xx.o(.text)
    OTG_HS_EP1_IN_IRQHandler                 0x08000343   Thumb Code     0  startup_stm32f407xx.o(.text)
    OTG_HS_EP1_OUT_IRQHandler                0x08000343   Thumb Code     0  startup_stm32f407xx.o(.text)
    OTG_HS_IRQHandler                        0x08000343   Thumb Code     0  startup_stm32f407xx.o(.text)
    OTG_HS_WKUP_IRQHandler                   0x08000343   Thumb Code     0  startup_stm32f407xx.o(.text)
    PVD_IRQHandler                           0x08000343   Thumb Code     0  startup_stm32f407xx.o(.text)
    RCC_IRQHandler                           0x08000343   Thumb Code     0  startup_stm32f407xx.o(.text)
    RTC_Alarm_IRQHandler                     0x08000343   Thumb Code     0  startup_stm32f407xx.o(.text)
    RTC_WKUP_IRQHandler                      0x08000343   Thumb Code     0  startup_stm32f407xx.o(.text)
    SDIO_IRQHandler                          0x08000343   Thumb Code     0  startup_stm32f407xx.o(.text)
    SPI1_IRQHandler                          0x08000343   Thumb Code     0  startup_stm32f407xx.o(.text)
    SPI2_IRQHandler                          0x08000343   Thumb Code     0  startup_stm32f407xx.o(.text)
    SPI3_IRQHandler                          0x08000343   Thumb Code     0  startup_stm32f407xx.o(.text)
    TAMP_STAMP_IRQHandler                    0x08000343   Thumb Code     0  startup_stm32f407xx.o(.text)
    TIM1_BRK_TIM9_IRQHandler                 0x08000343   Thumb Code     0  startup_stm32f407xx.o(.text)
    TIM1_CC_IRQHandler                       0x08000343   Thumb Code     0  startup_stm32f407xx.o(.text)
    TIM1_TRG_COM_TIM11_IRQHandler            0x08000343   Thumb Code     0  startup_stm32f407xx.o(.text)
    TIM2_IRQHandler                          0x08000343   Thumb Code     0  startup_stm32f407xx.o(.text)
    TIM3_IRQHandler                          0x08000343   Thumb Code     0  startup_stm32f407xx.o(.text)
    TIM4_IRQHandler                          0x08000343   Thumb Code     0  startup_stm32f407xx.o(.text)
    TIM5_IRQHandler                          0x08000343   Thumb Code     0  startup_stm32f407xx.o(.text)
    TIM6_DAC_IRQHandler                      0x08000343   Thumb Code     0  startup_stm32f407xx.o(.text)
    TIM7_IRQHandler                          0x08000343   Thumb Code     0  startup_stm32f407xx.o(.text)
    TIM8_BRK_TIM12_IRQHandler                0x08000343   Thumb Code     0  startup_stm32f407xx.o(.text)
    TIM8_CC_IRQHandler                       0x08000343   Thumb Code     0  startup_stm32f407xx.o(.text)
    TIM8_TRG_COM_TIM14_IRQHandler            0x08000343   Thumb Code     0  startup_stm32f407xx.o(.text)
    TIM8_UP_TIM13_IRQHandler                 0x08000343   Thumb Code     0  startup_stm32f407xx.o(.text)
    UART4_IRQHandler                         0x08000343   Thumb Code     0  startup_stm32f407xx.o(.text)
    UART5_IRQHandler                         0x08000343   Thumb Code     0  startup_stm32f407xx.o(.text)
    USART1_IRQHandler                        0x08000343   Thumb Code     0  startup_stm32f407xx.o(.text)
    USART2_IRQHandler                        0x08000343   Thumb Code     0  startup_stm32f407xx.o(.text)
    USART3_IRQHandler                        0x08000343   Thumb Code     0  startup_stm32f407xx.o(.text)
    USART6_IRQHandler                        0x08000343   Thumb Code     0  startup_stm32f407xx.o(.text)
    WWDG_IRQHandler                          0x08000343   Thumb Code     0  startup_stm32f407xx.o(.text)
    __user_initial_stackheap                 0x08000345   Thumb Code     0  startup_stm32f407xx.o(.text)
    __aeabi_uldivmod                         0x08000369   Thumb Code     0  lludivv7m.o(.text)
    _ll_udiv                                 0x08000369   Thumb Code   238  lludivv7m.o(.text)
    __aeabi_memclr4                          0x08000457   Thumb Code     0  rt_memclr_w.o(.text)
    __aeabi_memclr8                          0x08000457   Thumb Code     0  rt_memclr_w.o(.text)
    __rt_memclr_w                            0x08000457   Thumb Code    78  rt_memclr_w.o(.text)
    _memset_w                                0x0800045b   Thumb Code     0  rt_memclr_w.o(.text)
    __use_two_region_memory                  0x080004a5   Thumb Code     2  heapauxi.o(.text)
    __rt_heap_escrow$2region                 0x080004a7   Thumb Code     2  heapauxi.o(.text)
    __rt_heap_expand$2region                 0x080004a9   Thumb Code     2  heapauxi.o(.text)
    __user_setup_stackheap                   0x080004ab   Thumb Code    74  sys_stackheap_outer.o(.text)
    exit                                     0x080004f5   Thumb Code    18  exit.o(.text)
    __user_libspace                          0x08000509   Thumb Code     8  libspace.o(.text)
    __user_perproc_libspace                  0x08000509   Thumb Code     0  libspace.o(.text)
    __user_perthread_libspace                0x08000509   Thumb Code     0  libspace.o(.text)
    _sys_exit                                0x08000511   Thumb Code     8  sys_exit.o(.text)
    __I$use$semihosting                      0x0800051d   Thumb Code     0  use_no_semi.o(.text)
    __use_no_semihosting_swi                 0x0800051d   Thumb Code     2  use_no_semi.o(.text)
    BusFault_Handler                         0x0800051f   Thumb Code     2  stm32f4xx_it.o(i.BusFault_Handler)
    __semihosting_library_function           0x0800051f   Thumb Code     0  indicate_semi.o(.text)
    DebugMon_Handler                         0x08000533   Thumb Code     2  stm32f4xx_it.o(i.DebugMon_Handler)
    EICU_Main_Loop                           0x0800065d   Thumb Code    28  eicu_key.o(i.EICU_Main_Loop)
    EICU_Start_Num                           0x0800067d   Thumb Code   116  eicu_key.o(i.EICU_Start_Num)
    HAL_Delay                                0x080006f5   Thumb Code    32  stm32f4xx_hal.o(i.HAL_Delay)
    HAL_GPIO_Init                            0x08000719   Thumb Code   450  stm32f4xx_hal_gpio.o(i.HAL_GPIO_Init)
    HAL_GPIO_ReadPin                         0x08000909   Thumb Code    10  stm32f4xx_hal_gpio.o(i.HAL_GPIO_ReadPin)
    HAL_GPIO_TogglePin                       0x08000913   Thumb Code    16  stm32f4xx_hal_gpio.o(i.HAL_GPIO_TogglePin)
    HAL_GPIO_WritePin                        0x08000923   Thumb Code    10  stm32f4xx_hal_gpio.o(i.HAL_GPIO_WritePin)
    HAL_GetTick                              0x0800092d   Thumb Code     6  stm32f4xx_hal.o(i.HAL_GetTick)
    HAL_IncTick                              0x08000939   Thumb Code    12  stm32f4xx_hal.o(i.HAL_IncTick)
    HAL_Init                                 0x08000949   Thumb Code    48  stm32f4xx_hal.o(i.HAL_Init)
    HAL_InitTick                             0x0800097d   Thumb Code   120  stm32f4xx_hal_timebase_tim.o(i.HAL_InitTick)
    HAL_MspInit                              0x08000a09   Thumb Code    52  stm32f4xx_hal_msp.o(i.HAL_MspInit)
    HAL_NVIC_EnableIRQ                       0x08000a41   Thumb Code    26  stm32f4xx_hal_cortex.o(i.HAL_NVIC_EnableIRQ)
    HAL_NVIC_SetPriority                     0x08000a5d   Thumb Code    60  stm32f4xx_hal_cortex.o(i.HAL_NVIC_SetPriority)
    HAL_NVIC_SetPriorityGrouping             0x08000a9d   Thumb Code    26  stm32f4xx_hal_cortex.o(i.HAL_NVIC_SetPriorityGrouping)
    HAL_RCC_ClockConfig                      0x08000ac1   Thumb Code   288  stm32f4xx_hal_rcc.o(i.HAL_RCC_ClockConfig)
    HAL_RCC_GetClockConfig                   0x08000bf5   Thumb Code    54  stm32f4xx_hal_rcc.o(i.HAL_RCC_GetClockConfig)
    HAL_RCC_GetPCLK2Freq                     0x08000c35   Thumb Code    20  stm32f4xx_hal_rcc.o(i.HAL_RCC_GetPCLK2Freq)
    HAL_RCC_GetSysClockFreq                  0x08000c55   Thumb Code    88  stm32f4xx_hal_rcc.o(i.HAL_RCC_GetSysClockFreq)
    HAL_RCC_OscConfig                        0x08000cb9   Thumb Code   856  stm32f4xx_hal_rcc.o(i.HAL_RCC_OscConfig)
    HAL_TIMEx_BreakCallback                  0x08001025   Thumb Code     2  stm32f4xx_hal_tim_ex.o(i.HAL_TIMEx_BreakCallback)
    HAL_TIMEx_CommutCallback                 0x08001027   Thumb Code     2  stm32f4xx_hal_tim_ex.o(i.HAL_TIMEx_CommutCallback)
    HAL_TIM_Base_Init                        0x08001029   Thumb Code    90  stm32f4xx_hal_tim.o(i.HAL_TIM_Base_Init)
    HAL_TIM_Base_MspInit                     0x08001083   Thumb Code     2  stm32f4xx_hal_tim.o(i.HAL_TIM_Base_MspInit)
    HAL_TIM_Base_Start_IT                    0x08001085   Thumb Code   100  stm32f4xx_hal_tim.o(i.HAL_TIM_Base_Start_IT)
    HAL_TIM_IC_CaptureCallback               0x08001105   Thumb Code     2  stm32f4xx_hal_tim.o(i.HAL_TIM_IC_CaptureCallback)
    HAL_TIM_IRQHandler                       0x08001107   Thumb Code   304  stm32f4xx_hal_tim.o(i.HAL_TIM_IRQHandler)
    HAL_TIM_OC_DelayElapsedCallback          0x08001237   Thumb Code     2  stm32f4xx_hal_tim.o(i.HAL_TIM_OC_DelayElapsedCallback)
    HAL_TIM_PWM_PulseFinishedCallback        0x08001239   Thumb Code     2  stm32f4xx_hal_tim.o(i.HAL_TIM_PWM_PulseFinishedCallback)
    HAL_TIM_PeriodElapsedCallback            0x0800123d   Thumb Code    14  main.o(i.HAL_TIM_PeriodElapsedCallback)
    HAL_TIM_TriggerCallback                  0x08001251   Thumb Code     2  stm32f4xx_hal_tim.o(i.HAL_TIM_TriggerCallback)
    HardFault_Handler                        0x08001253   Thumb Code     2  stm32f4xx_it.o(i.HardFault_Handler)
    KEY_0                                    0x08001255   Thumb Code    18  eicu_key.o(i.KEY_0)
    KEY_1                                    0x0800126d   Thumb Code    16  eicu_key.o(i.KEY_1)
    KEY_2                                    0x08001281   Thumb Code    16  eicu_key.o(i.KEY_2)
    KEY_3                                    0x08001295   Thumb Code    16  eicu_key.o(i.KEY_3)
    KEY_4                                    0x080012a9   Thumb Code    16  eicu_key.o(i.KEY_4)
    KEY_5                                    0x080012bd   Thumb Code    16  eicu_key.o(i.KEY_5)
    KEY_6                                    0x080012d1   Thumb Code    16  eicu_key.o(i.KEY_6)
    KEY_7                                    0x080012e5   Thumb Code    16  eicu_key.o(i.KEY_7)
    KEY_8                                    0x080012f9   Thumb Code    16  eicu_key.o(i.KEY_8)
    KEY_9                                    0x0800130d   Thumb Code    18  eicu_key.o(i.KEY_9)
    KEY_MT                                   0x08001325   Thumb Code    16  eicu_key.o(i.KEY_MT)
    KEY_POUND                                0x08001339   Thumb Code    18  eicu_key.o(i.KEY_POUND)
    KEY_STAR                                 0x08001351   Thumb Code    18  eicu_key.o(i.KEY_STAR)
    LED_1                                    0x08001369   Thumb Code    18  eicu_key.o(i.LED_1)
    LED_2                                    0x08001381   Thumb Code    16  eicu_key.o(i.LED_2)
    LED_3                                    0x08001395   Thumb Code    18  eicu_key.o(i.LED_3)
    LED_4                                    0x080013ad   Thumb Code    16  eicu_key.o(i.LED_4)
    MX_FREERTOS_Init                         0x080013c1   Thumb Code    24  freertos.o(i.MX_FREERTOS_Init)
    MX_GPIO_Init                             0x080013ed   Thumb Code   338  gpio.o(i.MX_GPIO_Init)
    MemManage_Handler                        0x08001559   Thumb Code     2  stm32f4xx_it.o(i.MemManage_Handler)
    NMI_Handler                              0x0800155b   Thumb Code     2  stm32f4xx_it.o(i.NMI_Handler)
    SysTick_Handler                          0x0800155d   Thumb Code    38  port.o(i.SysTick_Handler)
    SystemClock_Config                       0x08001589   Thumb Code   140  main.o(i.SystemClock_Config)
    SystemInit                               0x0800161d   Thumb Code    12  system_stm32f4xx.o(i.SystemInit)
    TIM1_UP_TIM10_IRQHandler                 0x0800162d   Thumb Code     6  stm32f4xx_it.o(i.TIM1_UP_TIM10_IRQHandler)
    TIM_Base_SetConfig                       0x08001639   Thumb Code   164  stm32f4xx_hal_tim.o(i.TIM_Base_SetConfig)
    UsageFault_Handler                       0x08001709   Thumb Code     2  stm32f4xx_it.o(i.UsageFault_Handler)
    main                                     0x0800172b   Thumb Code    22  main.o(i.main)
    osKernelStart                            0x08001741   Thumb Code    10  cmsis_os.o(i.osKernelStart)
    pvPortMalloc                             0x08001a99   Thumb Code   216  heap_4.o(i.pvPortMalloc)
    pxPortInitialiseStack                    0x08001b75   Thumb Code    40  port.o(i.pxPortInitialiseStack)
    start_task                               0x08001ba1   Thumb Code    66  freertos.o(i.start_task)
    task1                                    0x08001c01   Thumb Code    16  freertos.o(i.task1)
    task2                                    0x08001c11   Thumb Code    22  freertos.o(i.task2)
    task_led_blink_5s                        0x08001c2d   Thumb Code    72  eicu_key.o(i.task_led_blink_5s)
    uxListRemove                             0x08001c75   Thumb Code    38  list.o(i.uxListRemove)
    vApplicationGetIdleTaskMemory            0x08001c9d   Thumb Code    16  freertos.o(i.vApplicationGetIdleTaskMemory)
    vListInitialise                          0x08001cb1   Thumb Code    22  list.o(i.vListInitialise)
    vListInitialiseItem                      0x08001cc7   Thumb Code     6  list.o(i.vListInitialiseItem)
    vListInsert                              0x08001ccd   Thumb Code    48  list.o(i.vListInsert)
    vListInsertEnd                           0x08001cfd   Thumb Code    24  list.o(i.vListInsertEnd)
    vPortEnterCritical                       0x08001d15   Thumb Code    54  port.o(i.vPortEnterCritical)
    vPortExitCritical                        0x08001d55   Thumb Code    34  port.o(i.vPortExitCritical)
    vPortFree                                0x08001d7d   Thumb Code    94  heap_4.o(i.vPortFree)
    vPortSetupTimerInterrupt                 0x08001de1   Thumb Code    32  port.o(i.vPortSetupTimerInterrupt)
    vTaskDelay                               0x08001e05   Thumb Code    66  tasks.o(i.vTaskDelay)
    vTaskDelete                              0x08001e51   Thumb Code   158  tasks.o(i.vTaskDelete)
    vTaskStartScheduler                      0x08001efd   Thumb Code    90  tasks.o(i.vTaskStartScheduler)
    vTaskSuspendAll                          0x08001f69   Thumb Code    10  tasks.o(i.vTaskSuspendAll)
    vTaskSwitchContext                       0x08001f79   Thumb Code    82  tasks.o(i.vTaskSwitchContext)
    xPortStartScheduler                      0x08001fd5   Thumb Code   222  port.o(i.xPortStartScheduler)
    xTaskCreate                              0x080020c9   Thumb Code    90  tasks.o(i.xTaskCreate)
    xTaskCreateStatic                        0x08002123   Thumb Code    86  tasks.o(i.xTaskCreateStatic)
    xTaskGetTickCount                        0x08002179   Thumb Code     6  tasks.o(i.xTaskGetTickCount)
    xTaskIncrementTick                       0x08002185   Thumb Code   194  tasks.o(i.xTaskIncrementTick)
    xTaskResumeAll                           0x08002251   Thumb Code   182  tasks.o(i.xTaskResumeAll)
    _fp_init                                 0x08002315   Thumb Code    10  fpinit.o(x$fpl$fpinit)
    __fplib_config_fpu_vfp                   0x0800231d   Thumb Code     0  fpinit.o(x$fpl$fpinit)
    __fplib_config_pureend_doubles           0x0800231d   Thumb Code     0  fpinit.o(x$fpl$fpinit)
    AHBPrescTable                            0x0800231e   Data          16  system_stm32f4xx.o(.constdata)
    APBPrescTable                            0x0800232e   Data           8  system_stm32f4xx.o(.constdata)
    Region$$Table$$Base                      0x08002338   Number         0  anon$$obj.o(Region$$Table)
    Region$$Table$$Limit                     0x08002358   Number         0  anon$$obj.o(Region$$Table)
    Key_Num_Flag                             0x20000000   Data           1  eicu_key.o(.data)
    test_call_state                          0x20000001   Data           1  eicu_key.o(.data)
    Key_Num_Buff                             0x20000002   Data           5  eicu_key.o(.data)
    dialing_map                              0x20000068   Data         104  eicu_key.o(.data)
    start_task_handler                       0x200000d0   Data           4  freertos.o(.data)
    task1_handler                            0x200000d4   Data           4  freertos.o(.data)
    task2_handler                            0x200000d8   Data           4  freertos.o(.data)
    uwTickFreq                               0x200000dc   Data           1  stm32f4xx_hal.o(.data)
    uwTickPrio                               0x200000e0   Data           4  stm32f4xx_hal.o(.data)
    uwTick                                   0x200000e4   Data           4  stm32f4xx_hal.o(.data)
    SystemCoreClock                          0x200000e8   Data           4  system_stm32f4xx.o(.data)
    pxCurrentTCB                             0x200000ec   Data           4  tasks.o(.data)
    htim1                                    0x200003a8   Data          72  stm32f4xx_hal_timebase_tim.o(.bss)
    __libspace_start                         0x200040e0   Data          96  libspace.o(.bss)
    __temporary_stack_top$libspace           0x20004140   Data           0  libspace.o(.bss)



==============================================================================

Memory Map of the image

  Image Entry point : 0x08000189

  Load Region LR_IROM1 (Base: 0x08000000, Size: 0x000024ac, Max: 0x00080000, ABSOLUTE, COMPRESSED[0x000023c4])

    Execution Region ER_IROM1 (Exec base: 0x08000000, Load base: 0x08000000, Size: 0x00002358, Max: 0x00080000, ABSOLUTE)

    Exec Addr    Load Addr    Size         Type   Attr      Idx    E Section Name        Object

    0x08000000   0x08000000   0x00000188   Data   RO            3    RESET               startup_stm32f407xx.o
    0x08000188   0x08000188   0x00000008   Code   RO         4175  * !!!main             c_w.l(__main.o)
    0x08000190   0x08000190   0x00000034   Code   RO         4350    !!!scatter          c_w.l(__scatter.o)
    0x080001c4   0x080001c4   0x0000005a   Code   RO         4348    !!dczerorl2         c_w.l(__dczerorl2.o)
    0x0800021e   0x0800021e   0x00000002   PAD
    0x08000220   0x08000220   0x0000001c   Code   RO         4352    !!handler_zi        c_w.l(__scatter_zi.o)
    0x0800023c   0x0800023c   0x00000002   Code   RO         4216    .ARM.Collect$$libinit$$00000000  c_w.l(libinit.o)
    0x0800023e   0x0800023e   0x00000004   Code   RO         4228    .ARM.Collect$$libinit$$00000001  c_w.l(libinit2.o)
    0x08000242   0x08000242   0x00000000   Code   RO         4231    .ARM.Collect$$libinit$$00000004  c_w.l(libinit2.o)
    0x08000242   0x08000242   0x00000000   Code   RO         4234    .ARM.Collect$$libinit$$0000000A  c_w.l(libinit2.o)
    0x08000242   0x08000242   0x00000000   Code   RO         4236    .ARM.Collect$$libinit$$0000000C  c_w.l(libinit2.o)
    0x08000242   0x08000242   0x00000000   Code   RO         4238    .ARM.Collect$$libinit$$0000000E  c_w.l(libinit2.o)
    0x08000242   0x08000242   0x00000000   Code   RO         4241    .ARM.Collect$$libinit$$00000011  c_w.l(libinit2.o)
    0x08000242   0x08000242   0x00000000   Code   RO         4243    .ARM.Collect$$libinit$$00000013  c_w.l(libinit2.o)
    0x08000242   0x08000242   0x00000000   Code   RO         4245    .ARM.Collect$$libinit$$00000015  c_w.l(libinit2.o)
    0x08000242   0x08000242   0x00000000   Code   RO         4247    .ARM.Collect$$libinit$$00000017  c_w.l(libinit2.o)
    0x08000242   0x08000242   0x00000000   Code   RO         4249    .ARM.Collect$$libinit$$00000019  c_w.l(libinit2.o)
    0x08000242   0x08000242   0x00000000   Code   RO         4251    .ARM.Collect$$libinit$$0000001B  c_w.l(libinit2.o)
    0x08000242   0x08000242   0x00000000   Code   RO         4253    .ARM.Collect$$libinit$$0000001D  c_w.l(libinit2.o)
    0x08000242   0x08000242   0x00000000   Code   RO         4255    .ARM.Collect$$libinit$$0000001F  c_w.l(libinit2.o)
    0x08000242   0x08000242   0x00000000   Code   RO         4257    .ARM.Collect$$libinit$$00000021  c_w.l(libinit2.o)
    0x08000242   0x08000242   0x00000000   Code   RO         4259    .ARM.Collect$$libinit$$00000023  c_w.l(libinit2.o)
    0x08000242   0x08000242   0x00000000   Code   RO         4261    .ARM.Collect$$libinit$$00000025  c_w.l(libinit2.o)
    0x08000242   0x08000242   0x00000000   Code   RO         4265    .ARM.Collect$$libinit$$0000002C  c_w.l(libinit2.o)
    0x08000242   0x08000242   0x00000000   Code   RO         4267    .ARM.Collect$$libinit$$0000002E  c_w.l(libinit2.o)
    0x08000242   0x08000242   0x00000000   Code   RO         4269    .ARM.Collect$$libinit$$00000030  c_w.l(libinit2.o)
    0x08000242   0x08000242   0x00000000   Code   RO         4271    .ARM.Collect$$libinit$$00000032  c_w.l(libinit2.o)
    0x08000242   0x08000242   0x00000002   Code   RO         4272    .ARM.Collect$$libinit$$00000033  c_w.l(libinit2.o)
    0x08000244   0x08000244   0x00000002   Code   RO         4303    .ARM.Collect$$libshutdown$$00000000  c_w.l(libshutdown.o)
    0x08000246   0x08000246   0x00000000   Code   RO         4329    .ARM.Collect$$libshutdown$$00000002  c_w.l(libshutdown2.o)
    0x08000246   0x08000246   0x00000000   Code   RO         4331    .ARM.Collect$$libshutdown$$00000004  c_w.l(libshutdown2.o)
    0x08000246   0x08000246   0x00000000   Code   RO         4333    .ARM.Collect$$libshutdown$$00000006  c_w.l(libshutdown2.o)
    0x08000246   0x08000246   0x00000000   Code   RO         4336    .ARM.Collect$$libshutdown$$00000009  c_w.l(libshutdown2.o)
    0x08000246   0x08000246   0x00000000   Code   RO         4339    .ARM.Collect$$libshutdown$$0000000C  c_w.l(libshutdown2.o)
    0x08000246   0x08000246   0x00000000   Code   RO         4341    .ARM.Collect$$libshutdown$$0000000E  c_w.l(libshutdown2.o)
    0x08000246   0x08000246   0x00000000   Code   RO         4344    .ARM.Collect$$libshutdown$$00000011  c_w.l(libshutdown2.o)
    0x08000246   0x08000246   0x00000002   Code   RO         4345    .ARM.Collect$$libshutdown$$00000012  c_w.l(libshutdown2.o)
    0x08000248   0x08000248   0x00000000   Code   RO         4177    .ARM.Collect$$rtentry$$00000000  c_w.l(__rtentry.o)
    0x08000248   0x08000248   0x00000000   Code   RO         4187    .ARM.Collect$$rtentry$$00000002  c_w.l(__rtentry2.o)
    0x08000248   0x08000248   0x00000006   Code   RO         4199    .ARM.Collect$$rtentry$$00000004  c_w.l(__rtentry4.o)
    0x0800024e   0x0800024e   0x00000000   Code   RO         4189    .ARM.Collect$$rtentry$$00000009  c_w.l(__rtentry2.o)
    0x0800024e   0x0800024e   0x00000004   Code   RO         4190    .ARM.Collect$$rtentry$$0000000A  c_w.l(__rtentry2.o)
    0x08000252   0x08000252   0x00000000   Code   RO         4192    .ARM.Collect$$rtentry$$0000000C  c_w.l(__rtentry2.o)
    0x08000252   0x08000252   0x00000008   Code   RO         4193    .ARM.Collect$$rtentry$$0000000D  c_w.l(__rtentry2.o)
    0x0800025a   0x0800025a   0x00000002   Code   RO         4220    .ARM.Collect$$rtexit$$00000000  c_w.l(rtexit.o)
    0x0800025c   0x0800025c   0x00000000   Code   RO         4276    .ARM.Collect$$rtexit$$00000002  c_w.l(rtexit2.o)
    0x0800025c   0x0800025c   0x00000004   Code   RO         4277    .ARM.Collect$$rtexit$$00000003  c_w.l(rtexit2.o)
    0x08000260   0x08000260   0x00000006   Code   RO         4278    .ARM.Collect$$rtexit$$00000004  c_w.l(rtexit2.o)
    0x08000266   0x08000266   0x00000002   PAD
    0x08000268   0x08000268   0x000000be   Code   RO         4086    .emb_text           port.o
    0x08000326   0x08000326   0x00000002   PAD
    0x08000328   0x08000328   0x00000040   Code   RO            4    .text               startup_stm32f407xx.o
    0x08000368   0x08000368   0x000000ee   Code   RO         4165    .text               c_w.l(lludivv7m.o)
    0x08000456   0x08000456   0x0000004e   Code   RO         4171    .text               c_w.l(rt_memclr_w.o)
    0x080004a4   0x080004a4   0x00000006   Code   RO         4173    .text               c_w.l(heapauxi.o)
    0x080004aa   0x080004aa   0x0000004a   Code   RO         4203    .text               c_w.l(sys_stackheap_outer.o)
    0x080004f4   0x080004f4   0x00000012   Code   RO         4205    .text               c_w.l(exit.o)
    0x08000506   0x08000506   0x00000002   PAD
    0x08000508   0x08000508   0x00000008   Code   RO         4217    .text               c_w.l(libspace.o)
    0x08000510   0x08000510   0x0000000c   Code   RO         4273    .text               c_w.l(sys_exit.o)
    0x0800051c   0x0800051c   0x00000002   Code   RO         4292    .text               c_w.l(use_no_semi.o)
    0x0800051e   0x0800051e   0x00000000   Code   RO         4294    .text               c_w.l(indicate_semi.o)
    0x0800051e   0x0800051e   0x00000002   Code   RO          581    i.BusFault_Handler  stm32f4xx_it.o
    0x08000520   0x08000520   0x00000012   Code   RO           13    i.CH_Read           eicu_key.o
    0x08000532   0x08000532   0x00000002   Code   RO          582    i.DebugMon_Handler  stm32f4xx_it.o
    0x08000534   0x08000534   0x00000110   Code   RO           14    i.EICU_Channel_FSM  eicu_key.o
    0x08000644   0x08000644   0x00000018   Code   RO           15    i.EICU_IsDialMode   eicu_key.o
    0x0800065c   0x0800065c   0x00000020   Code   RO           16    i.EICU_Main_Loop    eicu_key.o
    0x0800067c   0x0800067c   0x00000078   Code   RO           17    i.EICU_Start_Num    eicu_key.o
    0x080006f4   0x080006f4   0x00000024   Code   RO         2580    i.HAL_Delay         stm32f4xx_hal.o
    0x08000718   0x08000718   0x000001f0   Code   RO         2036    i.HAL_GPIO_Init     stm32f4xx_hal_gpio.o
    0x08000908   0x08000908   0x0000000a   Code   RO         2038    i.HAL_GPIO_ReadPin  stm32f4xx_hal_gpio.o
    0x08000912   0x08000912   0x00000010   Code   RO         2039    i.HAL_GPIO_TogglePin  stm32f4xx_hal_gpio.o
    0x08000922   0x08000922   0x0000000a   Code   RO         2040    i.HAL_GPIO_WritePin  stm32f4xx_hal_gpio.o
    0x0800092c   0x0800092c   0x0000000c   Code   RO         2586    i.HAL_GetTick       stm32f4xx_hal.o
    0x08000938   0x08000938   0x00000010   Code   RO         2592    i.HAL_IncTick       stm32f4xx_hal.o
    0x08000948   0x08000948   0x00000034   Code   RO         2593    i.HAL_Init          stm32f4xx_hal.o
    0x0800097c   0x0800097c   0x0000008c   Code   RO          669    i.HAL_InitTick      stm32f4xx_hal_timebase_tim.o
    0x08000a08   0x08000a08   0x00000038   Code   RO          645    i.HAL_MspInit       stm32f4xx_hal_msp.o
    0x08000a40   0x08000a40   0x0000001a   Code   RO         2428    i.HAL_NVIC_EnableIRQ  stm32f4xx_hal_cortex.o
    0x08000a5a   0x08000a5a   0x00000002   PAD
    0x08000a5c   0x08000a5c   0x00000040   Code   RO         2434    i.HAL_NVIC_SetPriority  stm32f4xx_hal_cortex.o
    0x08000a9c   0x08000a9c   0x00000024   Code   RO         2435    i.HAL_NVIC_SetPriorityGrouping  stm32f4xx_hal_cortex.o
    0x08000ac0   0x08000ac0   0x00000134   Code   RO         1682    i.HAL_RCC_ClockConfig  stm32f4xx_hal_rcc.o
    0x08000bf4   0x08000bf4   0x00000040   Code   RO         1686    i.HAL_RCC_GetClockConfig  stm32f4xx_hal_rcc.o
    0x08000c34   0x08000c34   0x00000020   Code   RO         1690    i.HAL_RCC_GetPCLK2Freq  stm32f4xx_hal_rcc.o
    0x08000c54   0x08000c54   0x00000064   Code   RO         1691    i.HAL_RCC_GetSysClockFreq  stm32f4xx_hal_rcc.o
    0x08000cb8   0x08000cb8   0x0000036c   Code   RO         1694    i.HAL_RCC_OscConfig  stm32f4xx_hal_rcc.o
    0x08001024   0x08001024   0x00000002   Code   RO         1414    i.HAL_TIMEx_BreakCallback  stm32f4xx_hal_tim_ex.o
    0x08001026   0x08001026   0x00000002   Code   RO         1415    i.HAL_TIMEx_CommutCallback  stm32f4xx_hal_tim_ex.o
    0x08001028   0x08001028   0x0000005a   Code   RO          710    i.HAL_TIM_Base_Init  stm32f4xx_hal_tim.o
    0x08001082   0x08001082   0x00000002   Code   RO          712    i.HAL_TIM_Base_MspInit  stm32f4xx_hal_tim.o
    0x08001084   0x08001084   0x00000080   Code   RO          715    i.HAL_TIM_Base_Start_IT  stm32f4xx_hal_tim.o
    0x08001104   0x08001104   0x00000002   Code   RO          744    i.HAL_TIM_IC_CaptureCallback  stm32f4xx_hal_tim.o
    0x08001106   0x08001106   0x00000130   Code   RO          758    i.HAL_TIM_IRQHandler  stm32f4xx_hal_tim.o
    0x08001236   0x08001236   0x00000002   Code   RO          761    i.HAL_TIM_OC_DelayElapsedCallback  stm32f4xx_hal_tim.o
    0x08001238   0x08001238   0x00000002   Code   RO          788    i.HAL_TIM_PWM_PulseFinishedCallback  stm32f4xx_hal_tim.o
    0x0800123a   0x0800123a   0x00000002   PAD
    0x0800123c   0x0800123c   0x00000014   Code   RO          320    i.HAL_TIM_PeriodElapsedCallback  main.o
    0x08001250   0x08001250   0x00000002   Code   RO          801    i.HAL_TIM_TriggerCallback  stm32f4xx_hal_tim.o
    0x08001252   0x08001252   0x00000002   Code   RO          583    i.HardFault_Handler  stm32f4xx_it.o
    0x08001254   0x08001254   0x00000018   Code   RO           19    i.KEY_0             eicu_key.o
    0x0800126c   0x0800126c   0x00000014   Code   RO           20    i.KEY_1             eicu_key.o
    0x08001280   0x08001280   0x00000014   Code   RO           21    i.KEY_2             eicu_key.o
    0x08001294   0x08001294   0x00000014   Code   RO           22    i.KEY_3             eicu_key.o
    0x080012a8   0x080012a8   0x00000014   Code   RO           23    i.KEY_4             eicu_key.o
    0x080012bc   0x080012bc   0x00000014   Code   RO           24    i.KEY_5             eicu_key.o
    0x080012d0   0x080012d0   0x00000014   Code   RO           25    i.KEY_6             eicu_key.o
    0x080012e4   0x080012e4   0x00000014   Code   RO           26    i.KEY_7             eicu_key.o
    0x080012f8   0x080012f8   0x00000014   Code   RO           27    i.KEY_8             eicu_key.o
    0x0800130c   0x0800130c   0x00000018   Code   RO           28    i.KEY_9             eicu_key.o
    0x08001324   0x08001324   0x00000014   Code   RO           29    i.KEY_MT            eicu_key.o
    0x08001338   0x08001338   0x00000018   Code   RO           30    i.KEY_POUND         eicu_key.o
    0x08001350   0x08001350   0x00000018   Code   RO           31    i.KEY_STAR          eicu_key.o
    0x08001368   0x08001368   0x00000018   Code   RO           32    i.LED_1             eicu_key.o
    0x08001380   0x08001380   0x00000014   Code   RO           33    i.LED_2             eicu_key.o
    0x08001394   0x08001394   0x00000018   Code   RO           34    i.LED_3             eicu_key.o
    0x080013ac   0x080013ac   0x00000014   Code   RO           35    i.LED_4             eicu_key.o
    0x080013c0   0x080013c0   0x0000002c   Code   RO          520    i.MX_FREERTOS_Init  freertos.o
    0x080013ec   0x080013ec   0x0000016c   Code   RO          496    i.MX_GPIO_Init      gpio.o
    0x08001558   0x08001558   0x00000002   Code   RO          584    i.MemManage_Handler  stm32f4xx_it.o
    0x0800155a   0x0800155a   0x00000002   Code   RO          585    i.NMI_Handler       stm32f4xx_it.o
    0x0800155c   0x0800155c   0x0000002c   Code   RO         4087    i.SysTick_Handler   port.o
    0x08001588   0x08001588   0x00000094   Code   RO          321    i.SystemClock_Config  main.o
    0x0800161c   0x0800161c   0x00000010   Code   RO         2832    i.SystemInit        system_stm32f4xx.o
    0x0800162c   0x0800162c   0x0000000c   Code   RO          586    i.TIM1_UP_TIM10_IRQHandler  stm32f4xx_it.o
    0x08001638   0x08001638   0x000000d0   Code   RO          803    i.TIM_Base_SetConfig  stm32f4xx_hal_tim.o
    0x08001708   0x08001708   0x00000002   Code   RO          587    i.UsageFault_Handler  stm32f4xx_it.o
    0x0800170a   0x0800170a   0x00000020   Code   RO         2441    i.__NVIC_SetPriority  stm32f4xx_hal_cortex.o
    0x0800172a   0x0800172a   0x00000016   Code   RO          322    i.main              main.o
    0x08001740   0x08001740   0x0000000a   Code   RO         3657    i.osKernelStart     cmsis_os.o
    0x0800174a   0x0800174a   0x00000002   PAD
    0x0800174c   0x0800174c   0x00000070   Code   RO         3334    i.prvAddCurrentTaskToDelayedList  tasks.o
    0x080017bc   0x080017bc   0x000000d0   Code   RO         3335    i.prvAddNewTaskToReadyList  tasks.o
    0x0800188c   0x0800188c   0x00000034   Code   RO         3336    i.prvDeleteTCB      tasks.o
    0x080018c0   0x080018c0   0x0000004c   Code   RO         4019    i.prvHeapInit       heap_4.o
    0x0800190c   0x0800190c   0x00000060   Code   RO         3337    i.prvIdleTask       tasks.o
    0x0800196c   0x0800196c   0x00000098   Code   RO         3338    i.prvInitialiseNewTask  tasks.o
    0x08001a04   0x08001a04   0x0000004c   Code   RO         4020    i.prvInsertBlockIntoFreeList  heap_4.o
    0x08001a50   0x08001a50   0x00000020   Code   RO         3339    i.prvResetNextTaskUnblockTime  tasks.o
    0x08001a70   0x08001a70   0x00000028   Code   RO         4088    i.prvTaskExitError  port.o
    0x08001a98   0x08001a98   0x000000dc   Code   RO         4021    i.pvPortMalloc      heap_4.o
    0x08001b74   0x08001b74   0x0000002c   Code   RO         4089    i.pxPortInitialiseStack  port.o
    0x08001ba0   0x08001ba0   0x00000060   Code   RO          521    i.start_task        freertos.o
    0x08001c00   0x08001c00   0x00000010   Code   RO          522    i.task1             freertos.o
    0x08001c10   0x08001c10   0x0000001c   Code   RO          523    i.task2             freertos.o
    0x08001c2c   0x08001c2c   0x00000048   Code   RO           36    i.task_led_blink_5s  eicu_key.o
    0x08001c74   0x08001c74   0x00000026   Code   RO         2970    i.uxListRemove      list.o
    0x08001c9a   0x08001c9a   0x00000002   PAD
    0x08001c9c   0x08001c9c   0x00000014   Code   RO          524    i.vApplicationGetIdleTaskMemory  freertos.o
    0x08001cb0   0x08001cb0   0x00000016   Code   RO         2971    i.vListInitialise   list.o
    0x08001cc6   0x08001cc6   0x00000006   Code   RO         2972    i.vListInitialiseItem  list.o
    0x08001ccc   0x08001ccc   0x00000030   Code   RO         2973    i.vListInsert       list.o
    0x08001cfc   0x08001cfc   0x00000018   Code   RO         2974    i.vListInsertEnd    list.o
    0x08001d14   0x08001d14   0x00000040   Code   RO         4091    i.vPortEnterCritical  port.o
    0x08001d54   0x08001d54   0x00000028   Code   RO         4092    i.vPortExitCritical  port.o
    0x08001d7c   0x08001d7c   0x00000064   Code   RO         4022    i.vPortFree         heap_4.o
    0x08001de0   0x08001de0   0x00000024   Code   RO         4093    i.vPortSetupTimerInterrupt  port.o
    0x08001e04   0x08001e04   0x0000004c   Code   RO         3348    i.vTaskDelay        tasks.o
    0x08001e50   0x08001e50   0x000000ac   Code   RO         3349    i.vTaskDelete       tasks.o
    0x08001efc   0x08001efc   0x0000006c   Code   RO         3361    i.vTaskStartScheduler  tasks.o
    0x08001f68   0x08001f68   0x00000010   Code   RO         3363    i.vTaskSuspendAll   tasks.o
    0x08001f78   0x08001f78   0x0000005c   Code   RO         3364    i.vTaskSwitchContext  tasks.o
    0x08001fd4   0x08001fd4   0x000000f4   Code   RO         4095    i.xPortStartScheduler  port.o
    0x080020c8   0x080020c8   0x0000005a   Code   RO         3367    i.xTaskCreate       tasks.o
    0x08002122   0x08002122   0x00000056   Code   RO         3368    i.xTaskCreateStatic  tasks.o
    0x08002178   0x08002178   0x0000000c   Code   RO         3373    i.xTaskGetTickCount  tasks.o
    0x08002184   0x08002184   0x000000cc   Code   RO         3375    i.xTaskIncrementTick  tasks.o
    0x08002250   0x08002250   0x000000c4   Code   RO         3381    i.xTaskResumeAll    tasks.o
    0x08002314   0x08002314   0x0000000a   Code   RO         4288    x$fpl$fpinit        fz_wm.l(fpinit.o)
    0x0800231e   0x0800231e   0x00000010   Data   RO         2833    .constdata          system_stm32f4xx.o
    0x0800232e   0x0800232e   0x00000008   Data   RO         2834    .constdata          system_stm32f4xx.o
    0x08002336   0x08002336   0x00000002   PAD
    0x08002338   0x08002338   0x00000020   Data   RO         4346    Region$$Table       anon$$obj.o


    Execution Region RW_IRAM1 (Exec base: 0x20000000, Load base: 0x08002358, Size: 0x00004740, Max: 0x0001c000, ABSOLUTE, COMPRESSED[0x0000006c])

    Exec Addr    Load Addr    Size         Type   Attr      Idx    E Section Name        Object

    0x20000000   COMPRESSED   0x000000d0   Data   RW           37    .data               eicu_key.o
    0x200000d0   COMPRESSED   0x0000000c   Data   RW          526    .data               freertos.o
    0x200000dc   COMPRESSED   0x0000000c   Data   RW         2600    .data               stm32f4xx_hal.o
    0x200000e8   COMPRESSED   0x00000004   Data   RW         2835    .data               system_stm32f4xx.o
    0x200000ec   COMPRESSED   0x0000003c   Data   RW         3384    .data               tasks.o
    0x20000128   COMPRESSED   0x00000020   Data   RW         4028    .data               heap_4.o
    0x20000148   COMPRESSED   0x0000000c   Data   RW         4096    .data               port.o
    0x20000154        -       0x00000254   Zero   RW          525    .bss                freertos.o
    0x200003a8        -       0x00000048   Zero   RW          672    .bss                stm32f4xx_hal_timebase_tim.o
    0x200003f0        -       0x000000f0   Zero   RW         3383    .bss                tasks.o
    0x200004e0        -       0x00003c00   Zero   RW         4027    .bss                heap_4.o
    0x200040e0        -       0x00000060   Zero   RW         4218    .bss                c_w.l(libspace.o)
    0x20004140        -       0x00000200   Zero   RW            2    HEAP                startup_stm32f407xx.o
    0x20004340        -       0x00000400   Zero   RW            1    STACK               startup_stm32f407xx.o


    Execution Region RW_IRAM2 (Exec base: 0x2001c000, Load base: 0x080023c4, Size: 0x00000000, Max: 0x00004000, ABSOLUTE)

    **** No section assigned to this execution region ****


==============================================================================

Image component sizes


      Code (inc. data)   RO Data    RW Data    ZI Data      Debug   Object Name

        10          0          0          0          0      21206   cmsis_os.o
       902        120          0        208          0     581090   eicu_key.o
         0          0          0          0          0      16904   event_groups.o
       204         60          0         12        596       3615   freertos.o
       364         26          0          0          0       1115   gpio.o
       472         24          0         32      15360       7395   heap_4.o
       138          0          0          0          0       3530   list.o
       190         14          0          0          0     706484   main.o
       702         72          0         12          0      10948   port.o
        64         26        392          0       1536        840   startup_stm32f407xx.o
       116         18          0         12          0       8690   stm32f4xx_hal.o
       158         14          0          0          0      33022   stm32f4xx_hal_cortex.o
       532         46          0          0          0       3476   stm32f4xx_hal_gpio.o
        56          4          0          0          0        858   stm32f4xx_hal_msp.o
      1380         74          0          0          0       5298   stm32f4xx_hal_rcc.o
       740         72          0          0          0       7456   stm32f4xx_hal_tim.o
         4          0          0          0          0       1617   stm32f4xx_hal_tim_ex.o
       140         20          0          0         72       1419   stm32f4xx_hal_timebase_tim.o
        24          6          0          0          0       3244   stm32f4xx_it.o
         0          0          0          0          0        408   stream_buffer.o
        16          4         24          4          0       1115   system_stm32f4xx.o
      1704        132          0         60        240      20852   tasks.o

    ----------------------------------------------------------------------
      7926        732        450        340      17804    1440582   Object Totals
         0          0         32          0          0          0   (incl. Generated)
        10          0          2          0          0          0   (incl. Padding)

    ----------------------------------------------------------------------

      Code (inc. data)   RO Data    RW Data    ZI Data      Debug   Library Member Name

        90          0          0          0          0          0   __dczerorl2.o
         8          0          0          0          0         68   __main.o
         0          0          0          0          0          0   __rtentry.o
        12          0          0          0          0          0   __rtentry2.o
         6          0          0          0          0          0   __rtentry4.o
        52          8          0          0          0          0   __scatter.o
        28          0          0          0          0          0   __scatter_zi.o
        18          0          0          0          0         80   exit.o
         6          0          0          0          0        152   heapauxi.o
         0          0          0          0          0          0   indicate_semi.o
         2          0          0          0          0          0   libinit.o
         6          0          0          0          0          0   libinit2.o
         2          0          0          0          0          0   libshutdown.o
         2          0          0          0          0          0   libshutdown2.o
         8          4          0          0         96         68   libspace.o
       238          0          0          0          0        100   lludivv7m.o
        78          0          0          0          0         80   rt_memclr_w.o
         2          0          0          0          0          0   rtexit.o
        10          0          0          0          0          0   rtexit2.o
        12          4          0          0          0         68   sys_exit.o
        74          0          0          0          0         80   sys_stackheap_outer.o
         2          0          0          0          0         68   use_no_semi.o
        10          0          0          0          0        116   fpinit.o

    ----------------------------------------------------------------------
       672         16          0          0         96        880   Library Totals
         6          0          0          0          0          0   (incl. Padding)

    ----------------------------------------------------------------------

      Code (inc. data)   RO Data    RW Data    ZI Data      Debug   Library Name

       656         16          0          0         96        764   c_w.l
        10          0          0          0          0        116   fz_wm.l

    ----------------------------------------------------------------------
       672         16          0          0         96        880   Library Totals

    ----------------------------------------------------------------------

==============================================================================


      Code (inc. data)   RO Data    RW Data    ZI Data      Debug   

      8598        748        450        340      17900    1431502   Grand Totals
      8598        748        450        108      17900    1431502   ELF Image Totals (compressed)
      8598        748        450        108          0          0   ROM Totals

==============================================================================

    Total RO  Size (Code + RO Data)                 9048 (   8.84kB)
    Total RW  Size (RW Data + ZI Data)             18240 (  17.81kB)
    Total ROM Size (Code + RO Data + RW Data)       9156 (   8.94kB)

==============================================================================

